Archive member included because of file (symbol)

.\ARM_GCC_473\Debug\VoltageDisplay_DelSigADC.a(cyfitter_cfg.o)
                              .\ARM_GCC_473\Debug\Cm3Start.o (cyfitter_cfg)
.\ARM_GCC_473\Debug\VoltageDisplay_DelSigADC.a(ADC.o)
                              .\ARM_GCC_473\Debug\main.o (ADC_Start)
.\ARM_GCC_473\Debug\VoltageDisplay_DelSigADC.a(ADC_INT.o)
                              .\ARM_GCC_473\Debug\VoltageDisplay_DelSigADC.a(ADC.o) (ADC_ISR1)
.\ARM_GCC_473\Debug\VoltageDisplay_DelSigADC.a(LCD.o)
                              .\ARM_GCC_473\Debug\main.o (LCD_Start)
.\ARM_GCC_473\Debug\VoltageDisplay_DelSigADC.a(ADC_AMux.o)
                              .\ARM_GCC_473\Debug\VoltageDisplay_DelSigADC.a(ADC.o) (ADC_AMux_Select)
.\ARM_GCC_473\Debug\VoltageDisplay_DelSigADC.a(ADC_Ext_CP_Clk.o)
                              .\ARM_GCC_473\Debug\VoltageDisplay_DelSigADC.a(ADC.o) (ADC_Ext_CP_Clk_SetDividerRegister)
.\ARM_GCC_473\Debug\VoltageDisplay_DelSigADC.a(ADC_theACLK.o)
                              .\ARM_GCC_473\Debug\VoltageDisplay_DelSigADC.a(ADC.o) (ADC_theACLK_SetDividerRegister)
.\ARM_GCC_473\Debug\VoltageDisplay_DelSigADC.a(CyBootAsmGnu.o)
                              .\ARM_GCC_473\Debug\VoltageDisplay_DelSigADC.a(cyfitter_cfg.o) (CyDelayCycles)
.\ARM_GCC_473\Debug\VoltageDisplay_DelSigADC.a(CyLib.o)
                              .\ARM_GCC_473\Debug\Cm3Start.o (CyResetStatus)
.\ARM_GCC_473\Debug\VoltageDisplay_DelSigADC.a(cyPm.o)
                              .\ARM_GCC_473\Debug\VoltageDisplay_DelSigADC.a(CyLib.o) (CyPmReadStatus)
.\ARM_GCC_473\Debug\VoltageDisplay_DelSigADC.a(USBUART_1.o)
                              .\ARM_GCC_473\Debug\main.o (USBUART_1_Start)
.\ARM_GCC_473\Debug\VoltageDisplay_DelSigADC.a(USBUART_1_cdc.o)
                              .\ARM_GCC_473\Debug\main.o (USBUART_1_CDC_Init)
.\ARM_GCC_473\Debug\VoltageDisplay_DelSigADC.a(USBUART_1_drv.o)
                              .\ARM_GCC_473\Debug\VoltageDisplay_DelSigADC.a(USBUART_1.o) (USBUART_1_EP)
.\ARM_GCC_473\Debug\VoltageDisplay_DelSigADC.a(USBUART_1_episr.o)
                              .\ARM_GCC_473\Debug\VoltageDisplay_DelSigADC.a(USBUART_1.o) (USBUART_1_EP_1_ISR)
.\ARM_GCC_473\Debug\VoltageDisplay_DelSigADC.a(USBUART_1_std.o)
                              .\ARM_GCC_473\Debug\VoltageDisplay_DelSigADC.a(USBUART_1_drv.o) (USBUART_1_HandleStandardRqst)
.\ARM_GCC_473\Debug\VoltageDisplay_DelSigADC.a(USBUART_1_vnd.o)
                              .\ARM_GCC_473\Debug\VoltageDisplay_DelSigADC.a(USBUART_1_drv.o) (USBUART_1_HandleVendorRqst)
.\ARM_GCC_473\Debug\VoltageDisplay_DelSigADC.a(SW.o)
                              .\ARM_GCC_473\Debug\main.o (SW_Read)
.\ARM_GCC_473\Debug\VoltageDisplay_DelSigADC.a(CyFlash.o)
                              .\ARM_GCC_473\Debug\VoltageDisplay_DelSigADC.a(cyPm.o) (CyFlash_SetWaitCycles)
.\ARM_GCC_473\Debug\VoltageDisplay_DelSigADC.a(CySpc.o)
                              .\ARM_GCC_473\Debug\VoltageDisplay_DelSigADC.a(CyFlash.o) (CySpcStart)
.\ARM_GCC_473\Debug\VoltageDisplay_DelSigADC.a(USBUART_1_cls.o)
                              .\ARM_GCC_473\Debug\VoltageDisplay_DelSigADC.a(USBUART_1_drv.o) (USBUART_1_DispatchClassRqst)
.\ARM_GCC_473\Debug\VoltageDisplay_DelSigADC.a(USBUART_1_descr.o)
                              .\ARM_GCC_473\Debug\VoltageDisplay_DelSigADC.a(USBUART_1_std.o) (USBUART_1_DEVICE0_DESCR)
c:/program files (x86)/cypress/psoc creator/3.0/psoc creator/import/gnu_cs/arm/4.7.3/bin/../lib/gcc/arm-none-eabi/4.7.3/armv7-m\libgcc.a(_arm_addsubdf3.o)
                              .\ARM_GCC_473\Debug\VoltageDisplay_DelSigADC.a(ADC.o) (__aeabi_f2d)
c:/program files (x86)/cypress/psoc creator/3.0/psoc creator/import/gnu_cs/arm/4.7.3/bin/../lib/gcc/arm-none-eabi/4.7.3/armv7-m\libgcc.a(_arm_cmpdf2.o)
                              .\ARM_GCC_473\Debug\VoltageDisplay_DelSigADC.a(ADC.o) (__aeabi_dcmpgt)
c:/program files (x86)/cypress/psoc creator/3.0/psoc creator/import/gnu_cs/arm/4.7.3/bin/../lib/gcc/arm-none-eabi/4.7.3/armv7-m\libgcc.a(_arm_addsubsf3.o)
                              .\ARM_GCC_473\Debug\VoltageDisplay_DelSigADC.a(ADC.o) (__aeabi_ui2f)
c:/program files (x86)/cypress/psoc creator/3.0/psoc creator/import/gnu_cs/arm/4.7.3/bin/../lib/gcc/arm-none-eabi/4.7.3/armv7-m\libgcc.a(_arm_muldivsf3.o)
                              .\ARM_GCC_473\Debug\VoltageDisplay_DelSigADC.a(ADC.o) (__aeabi_fmul)
c:/program files (x86)/cypress/psoc creator/3.0/psoc creator/import/gnu_cs/arm/4.7.3/bin/../lib/gcc/arm-none-eabi/4.7.3/armv7-m\libgcc.a(_arm_fixunssfsi.o)
                              .\ARM_GCC_473\Debug\VoltageDisplay_DelSigADC.a(ADC.o) (__aeabi_f2uiz)
c:/program files (x86)/cypress/psoc creator/3.0/psoc creator/import/gnu_cs/arm/4.7.3/bin/../lib/gcc/arm-none-eabi/4.7.3/../../../../arm-none-eabi/lib/armv7-m\libc_s.a(lib_a-__atexit2.o)
[...]
Memory Configuration

Name             Origin             Length             Attributes
rom              0x00000000         0x00040000         xr
ram              0x1fff8000         0x00010000         xrw
*default*        0x00000000         0xffffffff

Linker script and memory map

LOAD c:/program files (x86)/cypress/psoc creator/3.0/psoc creator/import/gnu_cs/arm/4.7.3/bin/../lib/gcc/arm-none-eabi/4.7.3/armv7-m/crti.o
LOAD c:/program files (x86)/cypress/psoc creator/3.0/psoc creator/import/gnu_cs/arm/4.7.3/bin/../lib/gcc/arm-none-eabi/4.7.3/armv7-m/crtbegin.o
LOAD c:/program files (x86)/cypress/psoc creator/3.0/psoc creator/import/gnu_cs/arm/4.7.3/bin/../lib/gcc/arm-none-eabi/4.7.3/../../../../arm-none-eabi/lib/armv7-m/crt0.o
START GROUP
LOAD .\ARM_GCC_473\Debug\main.o
LOAD .\ARM_GCC_473\Debug\cymetadata.o
LOAD .\ARM_GCC_473\Debug\Cm3Start.o
LOAD .\ARM_GCC_473\Debug\VoltageDisplay_DelSigADC.a
LOAD C:\Program Files (x86)\Cypress\PSoC Creator\3.0\PSoC Creator\psoc\content\cycomponentlibrary\CyComponentLibrary.cylib\CortexM3\ARM_GCC_473\Debug\CyComponentLibrary.a
END GROUP
START GROUP
LOAD c:/program files (x86)/cypress/psoc creator/3.0/psoc creator/import/gnu_cs/arm/4.7.3/bin/../lib/gcc/arm-none-eabi/4.7.3/armv7-m\libgcc.a
LOAD c:/program files (x86)/cypress/psoc creator/3.0/psoc creator/import/gnu_cs/arm/4.7.3/bin/../lib/gcc/arm-none-eabi/4.7.3/../../../../arm-none-eabi/lib/armv7-m\libc_s.a
END GROUP
LOAD c:/program files (x86)/cypress/psoc creator/3.0/psoc creator/import/gnu_cs/arm/4.7.3/bin/../lib/gcc/arm-none-eabi/4.7.3/armv7-m/crtend.o
LOAD c:/program files (x86)/cypress/psoc creator/3.0/psoc creator/import/gnu_cs/arm/4.7.3/bin/../lib/gcc/arm-none-eabi/4.7.3/armv7-m/crtn.o
START GROUP
LOAD c:/program files (x86)/cypress/psoc creator/3.0/psoc creator/import/gnu_cs/arm/4.7.3/bin/../lib/gcc/arm-none-eabi/4.7.3/armv7-m\libgcc.a
LOAD c:/program files (x86)/cypress/psoc creator/3.0/psoc creator/import/gnu_cs/arm/4.7.3/bin/../lib/gcc/arm-none-eabi/4.7.3/../../../../arm-none-eabi/lib/armv7-m\libc.a
LOAD c:/program files (x86)/cypress/psoc creator/3.0/psoc creator/import/gnu_cs/arm/4.7.3/bin/../lib/gcc/arm-none-eabi/4.7.3/../../../../arm-none-eabi/lib/armv7-m\libnosys.a
END GROUP
                0x00000000                CY_APPL_ORIGIN = 0x0
                0x00000100                CY_FLASH_ROW_SIZE = 0x100
                0x00000020                CY_ECC_ROW_SIZE = 0x20
                0x00000000                CY_EE_IN_BTLDR = 0x0
                0x00000000                CY_APPL_LOADABLE = 0x0
                0x00000800                CY_EE_SIZE = 0x800
                0x00000001                CY_APPL_NUM = 0x1
                0x00000001                CY_APPL_MAX = 0x1
                0x00000040                CY_METADATA_SIZE = 0x40
                0x1fff82f0                PROVIDE (__cy_heap_start, _end)
                0x00000001                PROVIDE (__cy_region_num, ((__cy_regions_end - __cy_regions) / 0x10))
                0x20008000                PROVIDE (__cy_stack, (ORIGIN (ram) + 0x10000))
                0x20004000                PROVIDE (__cy_heap_end, (__cy_stack - 0x4000))

.cybootloader   0x00000000        0x0
 *(.cybootloader)
                0x00000000                appl1_start = CY_APPL_ORIGIN?CY_APPL_ORIGIN:ALIGN (CY_FLASH_ROW_SIZE)
                0x0001ff00                appl2_start = (appl1_start + ALIGN ((((0x40000 - appl1_start) - (0x2 * CY_FLASH_ROW_SIZE)) / 0x2), CY_FLASH_ROW_SIZE))
                0x00000000                appl_start = (CY_APPL_NUM == 0x1)?appl1_start:appl2_start
                0x00000000                ecc_offset = ((appl_start / CY_FLASH_ROW_SIZE) * CY_ECC_ROW_SIZE)
                0x00000000                ee_offset = (CY_APPL_LOADABLE && ! (CY_EE_IN_BTLDR))?((CY_EE_SIZE / CY_APPL_MAX) * (CY_APPL_NUM - 0x1)):0x0
                0x00000800                ee_size = (CY_APPL_LOADABLE && ! (CY_EE_IN_BTLDR))?(CY_EE_SIZE / CY_APPL_MAX):CY_EE_SIZE
                0x00000000                PROVIDE (CY_ECC_OFFSET, ecc_offset)

.text           0x00000000     0x751c
 CREATE_OBJECT_SYMBOLS
                0x00000000                PROVIDE (__cy_interrupt_vector, RomVectors)
 *(.romvectors)
 .romvectors    0x00000000       0x10 .\ARM_GCC_473\Debug\Cm3Start.o
                0x00000000                RomVectors
                0x00000001                ASSERT ((. != __cy_interrupt_vector), No interrupt vector)
                0x00000001                ASSERT (CY_APPL_ORIGIN?(SIZEOF (.cybootloader) <= CY_APPL_ORIGIN):0x1, Wrong image location)
                0x00000010                PROVIDE (__cy_reset, Reset)
 *(.text.Reset)
 .text.Reset    0x00000010       0x1c .\ARM_GCC_473\Debug\Cm3Start.o
                0x00000010                Reset
                0x00000001                ASSERT ((. != __cy_reset), No reset code)
 *(.dma_init)
                0x00000001                ASSERT ((((appl_start + .) <= 0x10000) || 0x1), DMA Init must be within the first 64k of flash)
 *(.text .text.* .gnu.linkonce.t.*)
 .text          0x0000002c       0x54 c:/program files (x86)/cypress/psoc creator/3.0/psoc creator/import/gnu_cs/arm/4.7.3/bin/../lib/gcc/arm-none-eabi/4.7.3/armv7-m/crtbegin.o
 .text.main     0x00000080      0x3c0 .\ARM_GCC_473\Debug\main.o
                0x00000080                main
 .text.IntDefaultHandler
                0x00000440        0x8 .\ARM_GCC_473\Debug\Cm3Start.o
                0x00000440                IntDefaultHandler
 .text.Start_c  0x00000448       0xcc .\ARM_GCC_473\Debug\Cm3Start.o
                0x00000448                Start_c
 .text.initialize_psoc
                0x00000514       0xb4 .\ARM_GCC_473\Debug\Cm3Start.o
                0x00000514                initialize_psoc
 .text.CYMEMZERO
                0x000005c8       0x20 .\ARM_GCC_473\Debug\VoltageDisplay_DelSigADC.a(cyfitter_cfg.o)
 .text.CYCONFIGCPY
                0x000005e8       0x20 .\ARM_GCC_473\Debug\VoltageDisplay_DelSigADC.a(cyfitter_cfg.o)
 .text.CyClockStartupError
                0x00000608        0xc .\ARM_GCC_473\Debug\VoltageDisplay_DelSigADC.a(cyfitter_cfg.o)
 .text.cfg_write_bytes32
                0x00000614       0x84 .\ARM_GCC_473\Debug\VoltageDisplay_DelSigADC.a(cyfitter_cfg.o)
 .text.ClockSetup
                0x00000698      0x1b0 .\ARM_GCC_473\Debug\VoltageDisplay_DelSigADC.a(cyfitter_cfg.o)
 .text.AnalogSetDefault
                0x00000848       0x6c .\ARM_GCC_473\Debug\VoltageDisplay_DelSigADC.a(cyfitter_cfg.o)
 .text.ADC_AMux_Set
                0x000008b4       0x4c .\ARM_GCC_473\Debug\VoltageDisplay_DelSigADC.a(cyfitter_cfg.o)
                0x000008b4                ADC_AMux_Set
 .text.ADC_AMux_Unset
                0x00000900       0x50 .\ARM_GCC_473\Debug\VoltageDisplay_DelSigADC.a(cyfitter_cfg.o)
                0x00000900                ADC_AMux_Unset
 .text.cyfitter_cfg
                0x00000950      0x1c0 .\ARM_GCC_473\Debug\VoltageDisplay_DelSigADC.a(cyfitter_cfg.o)
                0x00000950                cyfitter_cfg
 .text.ADC_Init
                0x00000b10      0x190 .\ARM_GCC_473\Debug\VoltageDisplay_DelSigADC.a(ADC.o)
                0x00000b10                ADC_Init
 .text.ADC_Enable
                0x00000ca0      0x1e4 .\ARM_GCC_473\Debug\VoltageDisplay_DelSigADC.a(ADC.o)
                0x00000ca0                ADC_Enable
 .text.ADC_Start
                0x00000e84       0x3c .\ARM_GCC_473\Debug\VoltageDisplay_DelSigADC.a(ADC.o)
                0x00000e84                ADC_Start
 .text.ADC_StartConvert
                0x00000ec0       0x28 .\ARM_GCC_473\Debug\VoltageDisplay_DelSigADC.a(ADC.o)
                0x00000ec0                ADC_StartConvert
 .text.ADC_IsEndConversion
                0x00000ee8       0x54 .\ARM_GCC_473\Debug\VoltageDisplay_DelSigADC.a(ADC.o)
                0x00000ee8                ADC_IsEndConversion
 .text.ADC_GetResult32
                0x00000f3c       0xd8 .\ARM_GCC_473\Debug\VoltageDisplay_DelSigADC.a(ADC.o)
                0x00000f3c                ADC_GetResult32
 .text.ADC_CountsTo_uVolts
                0x00001014       0xd8 .\ARM_GCC_473\Debug\VoltageDisplay_DelSigADC.a(ADC.o)
                0x00001014                ADC_CountsTo_uVolts
 .text.ADC_InitConfig
                0x000010ec      0x1ec .\ARM_GCC_473\Debug\VoltageDisplay_DelSigADC.a(ADC.o)
 .text.ADC_GainCompensation
                0x000012d8      0x19c .\ARM_GCC_473\Debug\VoltageDisplay_DelSigADC.a(ADC.o)
 .text.ADC_SetDSMRef0Reg
                0x00001474       0xa8 .\ARM_GCC_473\Debug\VoltageDisplay_DelSigADC.a(ADC.o)
 .text.ADC_ISR1
                0x0000151c        0xc .\ARM_GCC_473\Debug\VoltageDisplay_DelSigADC.a(ADC_INT.o)
                0x0000151c                ADC_ISR1
 .text.LCD_Init
                0x00001528       0x90 .\ARM_GCC_473\Debug\VoltageDisplay_DelSigADC.a(LCD.o)
                0x00001528                LCD_Init
 .text.LCD_Enable
                0x000015b8       0x1c .\ARM_GCC_473\Debug\VoltageDisplay_DelSigADC.a(LCD.o)
                0x000015b8                LCD_Enable
 .text.LCD_Start
                0x000015d4       0x2c .\ARM_GCC_473\Debug\VoltageDisplay_DelSigADC.a(LCD.o)
                0x000015d4                LCD_Start
 .text.LCD_Position
                0x00001600       0x78 .\ARM_GCC_473\Debug\VoltageDisplay_DelSigADC.a(LCD.o)
                0x00001600                LCD_Position
 .text.LCD_PrintString
                0x00001678       0x40 .\ARM_GCC_473\Debug\VoltageDisplay_DelSigADC.a(LCD.o)
                0x00001678                LCD_PrintString
 .text.LCD_WriteData
                0x000016b8       0x38 .\ARM_GCC_473\Debug\VoltageDisplay_DelSigADC.a(LCD.o)
                0x000016b8                LCD_WriteData
 .text.LCD_WriteControl
                0x000016f0       0x38 .\ARM_GCC_473\Debug\VoltageDisplay_DelSigADC.a(LCD.o)
                0x000016f0                LCD_WriteControl
 .text.LCD_IsReady
                0x00001728      0x208 .\ARM_GCC_473\Debug\VoltageDisplay_DelSigADC.a(LCD.o)
                0x00001728                LCD_IsReady
 .text.LCD_WrDatNib
                0x00001930       0xb4 .\ARM_GCC_473\Debug\VoltageDisplay_DelSigADC.a(LCD.o)
 .text.LCD_WrCntrlNib
                0x000019e4       0x90 .\ARM_GCC_473\Debug\VoltageDisplay_DelSigADC.a(LCD.o)
 .text.ADC_AMux_Start
                0x00001a74       0x3c .\ARM_GCC_473\Debug\VoltageDisplay_DelSigADC.a(ADC_AMux.o)
                0x00001a74                ADC_AMux_Start
 .text.ADC_AMux_Select
                0x00001ab0       0x2c .\ARM_GCC_473\Debug\VoltageDisplay_DelSigADC.a(ADC_AMux.o)
                0x00001ab0                ADC_AMux_Select
 .text.ADC_Ext_CP_Clk_SetDividerRegister
                0x00001adc      0x1e8 .\ARM_GCC_473\Debug\VoltageDisplay_DelSigADC.a(ADC_Ext_CP_Clk.o)
                0x00001adc                ADC_Ext_CP_Clk_SetDividerRegister
 .text.ADC_Ext_CP_Clk_GetDividerRegister
                0x00001cc4       0x18 .\ARM_GCC_473\Debug\VoltageDisplay_DelSigADC.a(ADC_Ext_CP_Clk.o)
                0x00001cc4                ADC_Ext_CP_Clk_GetDividerRegister
 .text.ADC_Ext_CP_Clk_SetModeRegister
                0x00001cdc       0x3c .\ARM_GCC_473\Debug\VoltageDisplay_DelSigADC.a(ADC_Ext_CP_Clk.o)
                0x00001cdc                ADC_Ext_CP_Clk_SetModeRegister
 .text.ADC_Ext_CP_Clk_GetSourceRegister
                0x00001d18       0x20 .\ARM_GCC_473\Debug\VoltageDisplay_DelSigADC.a(ADC_Ext_CP_Clk.o)
                0x00001d18                ADC_Ext_CP_Clk_GetSourceRegister
 .text.ADC_theACLK_SetDividerRegister
                0x00001d38      0x1e8 .\ARM_GCC_473\Debug\VoltageDisplay_DelSigADC.a(ADC_theACLK.o)
                0x00001d38                ADC_theACLK_SetDividerRegister
 .text.ADC_theACLK_GetDividerRegister
                0x00001f20       0x18 .\ARM_GCC_473\Debug\VoltageDisplay_DelSigADC.a(ADC_theACLK.o)
                0x00001f20                ADC_theACLK_GetDividerRegister
 .text.ADC_theACLK_SetModeRegister
                0x00001f38       0x3c .\ARM_GCC_473\Debug\VoltageDisplay_DelSigADC.a(ADC_theACLK.o)
                0x00001f38                ADC_theACLK_SetModeRegister
 .text.ADC_theACLK_GetSourceRegister
                0x00001f74       0x20 .\ARM_GCC_473\Debug\VoltageDisplay_DelSigADC.a(ADC_theACLK.o)
                0x00001f74                ADC_theACLK_GetSourceRegister
 *fill*         0x00001f94        0x4 00
 .text          0x00001f98       0x28 .\ARM_GCC_473\Debug\VoltageDisplay_DelSigADC.a(CyBootAsmGnu.o)
                0x00001f98                CyDelayCycles
                0x00001fac                CyEnterCriticalSection
                0x00001fb4                CyExitCriticalSection
 .text.CyHalt   0x00001fc0       0x18 .\ARM_GCC_473\Debug\VoltageDisplay_DelSigADC.a(CyLib.o)
                0x00001fc0                CyHalt
 .text.CyDelay  0x00001fd8       0x48 .\ARM_GCC_473\Debug\VoltageDisplay_DelSigADC.a(CyLib.o)
                0x00001fd8                CyDelay
 .text.CyDelayUs
                0x00002020       0x28 .\ARM_GCC_473\Debug\VoltageDisplay_DelSigADC.a(CyLib.o)
                0x00002020                CyDelayUs
 .text.CyIntSetVector
                0x00002048       0x60 .\ARM_GCC_473\Debug\VoltageDisplay_DelSigADC.a(CyLib.o)
                0x00002048                CyIntSetVector
 .text.CyIntSetPriority
                0x000020a8       0x4c .\ARM_GCC_473\Debug\VoltageDisplay_DelSigADC.a(CyLib.o)
                0x000020a8                CyIntSetPriority
 .text.USBUART_1_Start
                0x000020f4       0x44 .\ARM_GCC_473\Debug\VoltageDisplay_DelSigADC.a(USBUART_1.o)
                0x000020f4                USBUART_1_Start
 .text.USBUART_1_Init
                0x00002138      0x238 .\ARM_GCC_473\Debug\VoltageDisplay_DelSigADC.a(USBUART_1.o)
                0x00002138                USBUART_1_Init
 .text.USBUART_1_InitComponent
                0x00002370      0x138 .\ARM_GCC_473\Debug\VoltageDisplay_DelSigADC.a(USBUART_1.o)
                0x00002370                USBUART_1_InitComponent
 .text.USBUART_1_ReInitComponent
                0x000024a8       0x88 .\ARM_GCC_473\Debug\VoltageDisplay_DelSigADC.a(USBUART_1.o)
                0x000024a8                USBUART_1_ReInitComponent
 .text.USBUART_1_GetConfiguration
                0x00002530       0x18 .\ARM_GCC_473\Debug\VoltageDisplay_DelSigADC.a(USBUART_1.o)
                0x00002530                USBUART_1_GetConfiguration
 .text.USBUART_1_LoadInEP
                0x00002548      0x150 .\ARM_GCC_473\Debug\VoltageDisplay_DelSigADC.a(USBUART_1.o)
                0x00002548                USBUART_1_LoadInEP
 .text.USBUART_1_EnableOutEP
                0x00002698       0x78 .\ARM_GCC_473\Debug\VoltageDisplay_DelSigADC.a(USBUART_1.o)
                0x00002698                USBUART_1_EnableOutEP
 .text.USBUART_1_DispatchCDCClassRqst
                0x00002710      0x11c .\ARM_GCC_473\Debug\VoltageDisplay_DelSigADC.a(USBUART_1_cdc.o)
                0x00002710                USBUART_1_DispatchCDCClassRqst
 .text.USBUART_1_CDC_Init
                0x0000282c       0x28 .\ARM_GCC_473\Debug\VoltageDisplay_DelSigADC.a(USBUART_1_cdc.o)
                0x0000282c                USBUART_1_CDC_Init
 .text.USBUART_1_StrLen
                0x00002854       0x34 .\ARM_GCC_473\Debug\VoltageDisplay_DelSigADC.a(USBUART_1_cdc.o)
 .text.USBUART_1_PutString
                0x00002888      0x140 .\ARM_GCC_473\Debug\VoltageDisplay_DelSigADC.a(USBUART_1_cdc.o)
                0x00002888                USBUART_1_PutString
 .text.USBUART_1_PutCRLF
                0x000029c8       0x3c .\ARM_GCC_473\Debug\VoltageDisplay_DelSigADC.a(USBUART_1_cdc.o)
                0x000029c8                USBUART_1_PutCRLF
 .text.USBUART_1_IsLineChanged
                0x00002a04       0x54 .\ARM_GCC_473\Debug\VoltageDisplay_DelSigADC.a(USBUART_1_cdc.o)
                0x00002a04                USBUART_1_IsLineChanged
 .text.USBUART_1_GetDTERate
                0x00002a58       0x64 .\ARM_GCC_473\Debug\VoltageDisplay_DelSigADC.a(USBUART_1_cdc.o)
                0x00002a58                USBUART_1_GetDTERate
 .text.USBUART_1_GetCharFormat
                0x00002abc       0x18 .\ARM_GCC_473\Debug\VoltageDisplay_DelSigADC.a(USBUART_1_cdc.o)
                0x00002abc                USBUART_1_GetCharFormat
 .text.USBUART_1_GetParityType
                0x00002ad4       0x18 .\ARM_GCC_473\Debug\VoltageDisplay_DelSigADC.a(USBUART_1_cdc.o)
                0x00002ad4                USBUART_1_GetParityType
 .text.USBUART_1_GetDataBits
                0x00002aec       0x18 .\ARM_GCC_473\Debug\VoltageDisplay_DelSigADC.a(USBUART_1_cdc.o)
                0x00002aec                USBUART_1_GetDataBits
 .text.USBUART_1_GetLineControl
                0x00002b04       0x18 .\ARM_GCC_473\Debug\VoltageDisplay_DelSigADC.a(USBUART_1_cdc.o)
                0x00002b04                USBUART_1_GetLineControl
 .text.USBUART_1_EP_0_ISR
                0x00002b1c      0x140 .\ARM_GCC_473\Debug\VoltageDisplay_DelSigADC.a(USBUART_1_drv.o)
                0x00002b1c                USBUART_1_EP_0_ISR
 .text.USBUART_1_HandleSetup
                0x00002c5c       0xa8 .\ARM_GCC_473\Debug\VoltageDisplay_DelSigADC.a(USBUART_1_drv.o)
                0x00002c5c                USBUART_1_HandleSetup
 .text.USBUART_1_HandleIN
                0x00002d04       0x50 .\ARM_GCC_473\Debug\VoltageDisplay_DelSigADC.a(USBUART_1_drv.o)
                0x00002d04                USBUART_1_HandleIN
 .text.USBUART_1_HandleOUT
                0x00002d54       0x60 .\ARM_GCC_473\Debug\VoltageDisplay_DelSigADC.a(USBUART_1_drv.o)
                0x00002d54                USBUART_1_HandleOUT
 .text.USBUART_1_LoadEP0
                0x00002db4      0x138 .\ARM_GCC_473\Debug\VoltageDisplay_DelSigADC.a(USBUART_1_drv.o)
                0x00002db4                USBUART_1_LoadEP0
 .text.USBUART_1_InitControlRead
                0x00002eec       0x90 .\ARM_GCC_473\Debug\VoltageDisplay_DelSigADC.a(USBUART_1_drv.o)
                0x00002eec                USBUART_1_InitControlRead
 .text.USBUART_1_InitZeroLengthControlTransfer
                0x00002f7c       0x58 .\ARM_GCC_473\Debug\VoltageDisplay_DelSigADC.a(USBUART_1_drv.o)
                0x00002f7c                USBUART_1_InitZeroLengthControlTransfer
 .text.USBUART_1_ControlReadDataStage
                0x00002fd4        0xc .\ARM_GCC_473\Debug\VoltageDisplay_DelSigADC.a(USBUART_1_drv.o)
                0x00002fd4                USBUART_1_ControlReadDataStage
 .text.USBUART_1_ControlReadStatusStage
                0x00002fe0       0x54 .\ARM_GCC_473\Debug\VoltageDisplay_DelSigADC.a(USBUART_1_drv.o)
                0x00002fe0                USBUART_1_ControlReadStatusStage
 .text.USBUART_1_InitControlWrite
                0x00003034       0x84 .\ARM_GCC_473\Debug\VoltageDisplay_DelSigADC.a(USBUART_1_drv.o)
                0x00003034                USBUART_1_InitControlWrite
 .text.USBUART_1_ControlWriteDataStage
                0x000030b8       0xfc .\ARM_GCC_473\Debug\VoltageDisplay_DelSigADC.a(USBUART_1_drv.o)
                0x000030b8                USBUART_1_ControlWriteDataStage
 .text.USBUART_1_ControlWriteStatusStage
                0x000031b4       0x2c .\ARM_GCC_473\Debug\VoltageDisplay_DelSigADC.a(USBUART_1_drv.o)
                0x000031b4                USBUART_1_ControlWriteStatusStage
 .text.USBUART_1_InitNoDataControlTransfer
                0x000031e0       0x48 .\ARM_GCC_473\Debug\VoltageDisplay_DelSigADC.a(USBUART_1_drv.o)
                0x000031e0                USBUART_1_InitNoDataControlTransfer
 .text.USBUART_1_NoDataControlStatusStage
                0x00003228       0x64 .\ARM_GCC_473\Debug\VoltageDisplay_DelSigADC.a(USBUART_1_drv.o)
                0x00003228                USBUART_1_NoDataControlStatusStage
 .text.USBUART_1_UpdateStatusBlock
                0x0000328c       0x58 .\ARM_GCC_473\Debug\VoltageDisplay_DelSigADC.a(USBUART_1_drv.o)
                0x0000328c                USBUART_1_UpdateStatusBlock
 .text.USBUART_1_InitializeStatusBlock
                0x000032e4       0x48 .\ARM_GCC_473\Debug\VoltageDisplay_DelSigADC.a(USBUART_1_drv.o)
                0x000032e4                USBUART_1_InitializeStatusBlock
 .text.USBUART_1_EP_1_ISR
                0x0000332c       0x74 .\ARM_GCC_473\Debug\VoltageDisplay_DelSigADC.a(USBUART_1_episr.o)
                0x0000332c                USBUART_1_EP_1_ISR
 .text.USBUART_1_EP_2_ISR
                0x000033a0       0x74 .\ARM_GCC_473\Debug\VoltageDisplay_DelSigADC.a(USBUART_1_episr.o)
                0x000033a0                USBUART_1_EP_2_ISR
 .text.USBUART_1_EP_3_ISR
                0x00003414       0x7c .\ARM_GCC_473\Debug\VoltageDisplay_DelSigADC.a(USBUART_1_episr.o)
                0x00003414                USBUART_1_EP_3_ISR
 .text.USBUART_1_SOF_ISR
                0x00003490        0xc .\ARM_GCC_473\Debug\VoltageDisplay_DelSigADC.a(USBUART_1_episr.o)
                0x00003490                USBUART_1_SOF_ISR
 .text.USBUART_1_BUS_RESET_ISR
                0x0000349c        0xc .\ARM_GCC_473\Debug\VoltageDisplay_DelSigADC.a(USBUART_1_episr.o)
                0x0000349c                USBUART_1_BUS_RESET_ISR
 .text.USBUART_1_HandleStandardRqst
                0x000034a8      0x654 .\ARM_GCC_473\Debug\VoltageDisplay_DelSigADC.a(USBUART_1_std.o)
                0x000034a8                USBUART_1_HandleStandardRqst
 .text.USBUART_1_ReadDieID
                0x00003afc       0xa8 .\ARM_GCC_473\Debug\VoltageDisplay_DelSigADC.a(USBUART_1_std.o)
                0x00003afc                USBUART_1_ReadDieID
 .text.USBUART_1_ConfigReg
                0x00003ba4      0x204 .\ARM_GCC_473\Debug\VoltageDisplay_DelSigADC.a(USBUART_1_std.o)
                0x00003ba4                USBUART_1_ConfigReg
 .text.USBUART_1_Config
                0x00003da8      0x474 .\ARM_GCC_473\Debug\VoltageDisplay_DelSigADC.a(USBUART_1_std.o)
                0x00003da8                USBUART_1_Config
 .text.USBUART_1_ConfigAltChanged
                0x0000421c      0x354 .\ARM_GCC_473\Debug\VoltageDisplay_DelSigADC.a(USBUART_1_std.o)
                0x0000421c                USBUART_1_ConfigAltChanged
 .text.USBUART_1_GetConfigTablePtr
                0x00004570       0x60 .\ARM_GCC_473\Debug\VoltageDisplay_DelSigADC.a(USBUART_1_std.o)
                0x00004570                USBUART_1_GetConfigTablePtr
 .text.USBUART_1_GetDeviceTablePtr
                0x000045d0       0x28 .\ARM_GCC_473\Debug\VoltageDisplay_DelSigADC.a(USBUART_1_std.o)
                0x000045d0                USBUART_1_GetDeviceTablePtr
 .text.USBUART_1_GetInterfaceClassTablePtr
                0x000045f8       0x58 .\ARM_GCC_473\Debug\VoltageDisplay_DelSigADC.a(USBUART_1_std.o)
                0x000045f8                USBUART_1_GetInterfaceClassTablePtr
 .text.USBUART_1_SetEndpointHalt
                0x00004650      0x130 .\ARM_GCC_473\Debug\VoltageDisplay_DelSigADC.a(USBUART_1_std.o)
                0x00004650                USBUART_1_SetEndpointHalt
 .text.USBUART_1_ClearEndpointHalt
                0x00004780      0x1c4 .\ARM_GCC_473\Debug\VoltageDisplay_DelSigADC.a(USBUART_1_std.o)
                0x00004780                USBUART_1_ClearEndpointHalt
 .text.USBUART_1_ValidateAlternateSetting
                0x00004944       0x90 .\ARM_GCC_473\Debug\VoltageDisplay_DelSigADC.a(USBUART_1_std.o)
                0x00004944                USBUART_1_ValidateAlternateSetting
 .text.USBUART_1_HandleVendorRqst
                0x000049d4       0x70 .\ARM_GCC_473\Debug\VoltageDisplay_DelSigADC.a(USBUART_1_vnd.o)
                0x000049d4                USBUART_1_HandleVendorRqst
 .text.SW_Read  0x00004a44       0x24 .\ARM_GCC_473\Debug\VoltageDisplay_DelSigADC.a(SW.o)
                0x00004a44                SW_Read
 .text.USBUART_1_DispatchClassRqst
                0x00004a68       0xa8 .\ARM_GCC_473\Debug\VoltageDisplay_DelSigADC.a(USBUART_1_cls.o)
                0x00004a68                USBUART_1_DispatchClassRqst
 .text          0x00004b10      0x370 c:/program files (x86)/cypress/psoc creator/3.0/psoc creator/import/gnu_cs/arm/4.7.3/bin/../lib/gcc/arm-none-eabi/4.7.3/armv7-m\libgcc.a(_arm_addsubdf3.o)
                0x00004b10                __aeabi_drsub
                0x00004b18                __aeabi_dsub
                0x00004b18                __subdf3
                0x00004b1c                __aeabi_dadd
                0x00004b1c                __adddf3
                0x00004d94                __floatunsidf
                0x00004d94                __aeabi_ui2d
                0x00004db4                __floatsidf
                0x00004db4                __aeabi_i2d
                0x00004dd8                __aeabi_f2d
                0x00004dd8                __extendsfdf2
                0x00004e14                __floatundidf
                0x00004e14                __aeabi_ul2d
                0x00004e24                __floatdidf
                0x00004e24                __aeabi_l2d
 .text          0x00004e80      0x110 c:/program files (x86)/cypress/psoc creator/3.0/psoc creator/import/gnu_cs/arm/4.7.3/bin/../lib/gcc/arm-none-eabi/4.7.3/armv7-m\libgcc.a(_arm_cmpdf2.o)
                0x00004e80                __gtdf2
                0x00004e80                __gedf2
                0x00004e88                __ltdf2
                0x00004e88                __ledf2
                0x00004e90                __nedf2
                0x00004e90                __eqdf2
                0x00004e90                __cmpdf2
                0x00004f0c                __aeabi_cdrcmple
                0x00004f1c                __aeabi_cdcmpeq
                0x00004f1c                __aeabi_cdcmple
                0x00004f2c                __aeabi_dcmpeq
                0x00004f40                __aeabi_dcmplt
                0x00004f54                __aeabi_dcmple
                0x00004f68                __aeabi_dcmpge
                0x00004f7c                __aeabi_dcmpgt
 .text.__libc_init_array
                0x00004f90       0x4c c:/program files (x86)/cypress/psoc creator/3.0/psoc creator/import/gnu_cs/arm/4.7.3/bin/../lib/gcc/arm-none-eabi/4.7.3/../../../../arm-none-eabi/lib/armv7-m\libc_s.a(lib_a-init.o)
                0x00004f90                __libc_init_array
 .text.memcpy   0x00004fdc       0x12 c:/program files (x86)/cypress/psoc creator/3.0/psoc creator/import/gnu_cs/arm/4.7.3/bin/../lib/gcc/arm-none-eabi/4.7.3/../../../../arm-none-eabi/lib/armv7-m\libc_s.a(lib_a-memcpy.o)
                0x00004fdc                memcpy
 .text.memset   0x00004fee       0x10 c:/program files (x86)/cypress/psoc creator/3.0/psoc creator/import/gnu_cs/arm/4.7.3/bin/../lib/gcc/arm-none-eabi/4.7.3/../../../../arm-none-eabi/lib/armv7-m\libc_s.a(lib_a-memset.o)
                0x00004fee                memset
 *fill*         0x00004ffe        0x2 00
 .text.sprintf  0x00005000       0x48 c:/program files (x86)/cypress/psoc creator/3.0/psoc creator/import/gnu_cs/arm/4.7.3/bin/../lib/gcc/arm-none-eabi/4.7.3/../../../../arm-none-eabi/lib/armv7-m\libc_s.a(lib_a-sprintf.o)
                0x00005000                siprintf
                0x00005000                sprintf
 .text.__ssputc_r
                0x00005048       0xae c:/program files (x86)/cypress/psoc creator/3.0/psoc creator/import/gnu_cs/arm/4.7.3/bin/../lib/gcc/arm-none-eabi/4.7.3/../../../../arm-none-eabi/lib/armv7-m\libc_s.a(lib_a-svfprintf.o)
                0x00005048                __ssputc_r
 *fill*         0x000050f6        0x2 00
 .text._svfprintf_r
                0x000050f8      0x1f4 c:/program files (x86)/cypress/psoc creator/3.0/psoc creator/import/gnu_cs/arm/4.7.3/bin/../lib/gcc/arm-none-eabi/4.7.3/../../../../arm-none-eabi/lib/armv7-m\libc_s.a(lib_a-svfprintf.o)
                0x000050f8                _svfiprintf_r
                0x000050f8                _svfprintf_r
 .text.__cvt    0x000052ec       0xd2 c:/program files (x86)/cypress/psoc creator/3.0/psoc creator/import/gnu_cs/arm/4.7.3/bin/../lib/gcc/arm-none-eabi/4.7.3/../../../../arm-none-eabi/lib/armv7-m\libc_s.a(lib_a-vfprintf_float.o)
                0x000052ec                __cvt
 .text.__exponent
                0x000053be       0x5e c:/program files (x86)/cypress/psoc creator/3.0/psoc creator/import/gnu_cs/arm/4.7.3/bin/../lib/gcc/arm-none-eabi/4.7.3/../../../../arm-none-eabi/lib/armv7-m\libc_s.a(lib_a-vfprintf_float.o)
                0x000053be                __exponent
 .text._printf_float
                0x0000541c      0x4a4 c:/program files (x86)/cypress/psoc creator/3.0/psoc creator/import/gnu_cs/arm/4.7.3/bin/../lib/gcc/arm-none-eabi/4.7.3/../../../../arm-none-eabi/lib/armv7-m\libc_s.a(lib_a-vfprintf_float.o)
                0x0000541c                _printf_float
 .text._printf_common
                0x000058c0       0xde c:/program files (x86)/cypress/psoc creator/3.0/psoc creator/import/gnu_cs/arm/4.7.3/bin/../lib/gcc/arm-none-eabi/4.7.3/../../../../arm-none-eabi/lib/armv7-m\libc_s.a(lib_a-vfprintf_i.o)
                0x000058c0                _printf_common
 *fill*         0x0000599e        0x2 00
 .text._printf_i
                0x000059a0      0x248 c:/program files (x86)/cypress/psoc creator/3.0/psoc creator/import/gnu_cs/arm/4.7.3/bin/../lib/gcc/arm-none-eabi/4.7.3/../../../../arm-none-eabi/lib/armv7-m\libc_s.a(lib_a-vfprintf_i.o)
                0x000059a0                _printf_i
 .text.quorem   0x00005be8      0x11a c:/program files (x86)/cypress/psoc creator/3.0/psoc creator/import/gnu_cs/arm/4.7.3/bin/../lib/gcc/arm-none-eabi/4.7.3/../../../../arm-none-eabi/lib/armv7-m\libc_s.a(lib_a-dtoa.o)
 *fill*         0x00005d02        0x6 00
 .text._dtoa_r  0x00005d08      0xb40 c:/program files (x86)/cypress/psoc creator/3.0/psoc creator/import/gnu_cs/arm/4.7.3/bin/../lib/gcc/arm-none-eabi/4.7.3/../../../../arm-none-eabi/lib/armv7-m\libc_s.a(lib_a-dtoa.o)
                0x00005d08                _dtoa_r
 .text._free_r  0x00006848       0x88 c:/program files (x86)/cypress/psoc creator/3.0/psoc creator/import/gnu_cs/arm/4.7.3/bin/../lib/gcc/arm-none-eabi/4.7.3/../../../../arm-none-eabi/lib/armv7-m\libc_s.a(lib_a-freer.o)
                0x00006848                _free_r
 .text._localeconv_r
                0x000068d0        0x8 c:/program files (x86)/cypress/psoc creator/3.0/psoc creator/import/gnu_cs/arm/4.7.3/bin/../lib/gcc/arm-none-eabi/4.7.3/../../../../arm-none-eabi/lib/armv7-m\libc_s.a(lib_a-locale.o)
                0x000068d0                _localeconv_r
 .text.malloc   0x000068d8       0x10 c:/program files (x86)/cypress/psoc creator/3.0/psoc creator/import/gnu_cs/arm/4.7.3/bin/../lib/gcc/arm-none-eabi/4.7.3/../../../../arm-none-eabi/lib/armv7-m\libc_s.a(lib_a-malloc.o)
                0x000068d8                malloc
 .text._malloc_r
                0x000068e8       0x94 c:/program files (x86)/cypress/psoc creator/3.0/psoc creator/import/gnu_cs/arm/4.7.3/bin/../lib/gcc/arm-none-eabi/4.7.3/../../../../arm-none-eabi/lib/armv7-m\libc_s.a(lib_a-mallocr.o)
                0x000068e8                _malloc_r
 .text.memchr   0x0000697c       0x1c c:/program files (x86)/cypress/psoc creator/3.0/psoc creator/import/gnu_cs/arm/4.7.3/bin/../lib/gcc/arm-none-eabi/4.7.3/../../../../arm-none-eabi/lib/armv7-m\libc_s.a(lib_a-memchr.o)
                0x0000697c                memchr
 .text._Balloc  0x00006998       0x6a c:/program files (x86)/cypress/psoc creator/3.0/psoc creator/import/gnu_cs/arm/4.7.3/bin/../lib/gcc/arm-none-eabi/4.7.3/../../../../arm-none-eabi/lib/armv7-m\libc_s.a(lib_a-mprec.o)
                0x00006998                _Balloc
 .text._Bfree   0x00006a02       0x2e c:/program files (x86)/cypress/psoc creator/3.0/psoc creator/import/gnu_cs/arm/4.7.3/bin/../lib/gcc/arm-none-eabi/4.7.3/../../../../arm-none-eabi/lib/armv7-m\libc_s.a(lib_a-mprec.o)
                0x00006a02                _Bfree
 .text.__multadd
                0x00006a30       0x78 c:/program files (x86)/cypress/psoc creator/3.0/psoc creator/import/gnu_cs/arm/4.7.3/bin/../lib/gcc/arm-none-eabi/4.7.3/../../../../arm-none-eabi/lib/armv7-m\libc_s.a(lib_a-mprec.o)
                0x00006a30                __multadd
 .text.__hi0bits
                0x00006aa8       0x3e c:/program files (x86)/cypress/psoc creator/3.0/psoc creator/import/gnu_cs/arm/4.7.3/bin/../lib/gcc/arm-none-eabi/4.7.3/../../../../arm-none-eabi/lib/armv7-m\libc_s.a(lib_a-mprec.o)
                0x00006aa8                __hi0bits
 .text.__lo0bits
                0x00006ae6       0x5a c:/program files (x86)/cypress/psoc creator/3.0/psoc creator/import/gnu_cs/arm/4.7.3/bin/../lib/gcc/arm-none-eabi/4.7.3/../../../../arm-none-eabi/lib/armv7-m\libc_s.a(lib_a-mprec.o)
                0x00006ae6                __lo0bits
 .text.__i2b    0x00006b40       0x12 c:/program files (x86)/cypress/psoc creator/3.0/psoc creator/import/gnu_cs/arm/4.7.3/bin/../lib/gcc/arm-none-eabi/4.7.3/../../../../arm-none-eabi/lib/armv7-m\libc_s.a(lib_a-mprec.o)
                0x00006b40                __i2b
 .text.__multiply
                0x00006b52      0x122 c:/program files (x86)/cypress/psoc creator/3.0/psoc creator/import/gnu_cs/arm/4.7.3/bin/../lib/gcc/arm-none-eabi/4.7.3/../../../../arm-none-eabi/lib/armv7-m\libc_s.a(lib_a-mprec.o)
                0x00006b52                __multiply
 .text.__pow5mult
                0x00006c74       0xa4 c:/program files (x86)/cypress/psoc creator/3.0/psoc creator/import/gnu_cs/arm/4.7.3/bin/../lib/gcc/arm-none-eabi/4.7.3/../../../../arm-none-eabi/lib/armv7-m\libc_s.a(lib_a-mprec.o)
                0x00006c74                __pow5mult
 .text.__lshift
                0x00006d18       0xa8 c:/program files (x86)/cypress/psoc creator/3.0/psoc creator/import/gnu_cs/arm/4.7.3/bin/../lib/gcc/arm-none-eabi/4.7.3/../../../../arm-none-eabi/lib/armv7-m\libc_s.a(lib_a-mprec.o)
                0x00006d18                __lshift
 .text.__mcmp   0x00006dc0       0x3a c:/program files (x86)/cypress/psoc creator/3.0/psoc creator/import/gnu_cs/arm/4.7.3/bin/../lib/gcc/arm-none-eabi/4.7.3/../../../../arm-none-eabi/lib/armv7-m\libc_s.a(lib_a-mprec.o)
                0x00006dc0                __mcmp
 .text.__mdiff  0x00006dfa       0xc4 c:/program files (x86)/cypress/psoc creator/3.0/psoc creator/import/gnu_cs/arm/4.7.3/bin/../lib/gcc/arm-none-eabi/4.7.3/../../../../arm-none-eabi/lib/armv7-m\libc_s.a(lib_a-mprec.o)
                0x00006dfa                __mdiff
 .text.__d2b    0x00006ebe       0xa8 c:/program files (x86)/cypress/psoc creator/3.0/psoc creator/import/gnu_cs/arm/4.7.3/bin/../lib/gcc/arm-none-eabi/4.7.3/../../../../arm-none-eabi/lib/armv7-m\libc_s.a(lib_a-mprec.o)
                0x00006ebe                __d2b
 .text._realloc_r
                0x00006f66       0x48 c:/program files (x86)/cypress/psoc creator/3.0/psoc creator/import/gnu_cs/arm/4.7.3/bin/../lib/gcc/arm-none-eabi/4.7.3/../../../../arm-none-eabi/lib/armv7-m\libc_s.a(lib_a-reallocr.o)
                0x00006f66                _realloc_r
 *fill*         0x00006fae        0x2 00
 .text.__fpclassifyd
                0x00006fb0       0x64 c:/program files (x86)/cypress/psoc creator/3.0/psoc creator/import/gnu_cs/arm/4.7.3/bin/../lib/gcc/arm-none-eabi/4.7.3/../../../../arm-none-eabi/lib/armv7-m\libc_s.a(lib_a-s_fpclassify.o)
                0x00006fb0                __fpclassifyd
 .text._sbrk_r  0x00007014       0x20 c:/program files (x86)/cypress/psoc creator/3.0/psoc creator/import/gnu_cs/arm/4.7.3/bin/../lib/gcc/arm-none-eabi/4.7.3/../../../../arm-none-eabi/lib/armv7-m\libc_s.a(lib_a-sbrkr.o)
                0x00007014                _sbrk_r
 .text.strlen   0x00007034       0x10 c:/program files (x86)/cypress/psoc creator/3.0/psoc creator/import/gnu_cs/arm/4.7.3/bin/../lib/gcc/arm-none-eabi/4.7.3/../../../../arm-none-eabi/lib/armv7-m\libc_s.a(lib_a-strlen.o)
                0x00007034                strlen
 .text._calloc_r
                0x00007044       0x1c c:/program files (x86)/cypress/psoc creator/3.0/psoc creator/import/gnu_cs/arm/4.7.3/bin/../lib/gcc/arm-none-eabi/4.7.3/../../../../arm-none-eabi/lib/armv7-m\libc_s.a(lib_a-callocr.o)
                0x00007044                _calloc_r
 .text._malloc_usable_size_r
                0x00007060       0x12 c:/program files (x86)/cypress/psoc creator/3.0/psoc creator/import/gnu_cs/arm/4.7.3/bin/../lib/gcc/arm-none-eabi/4.7.3/../../../../arm-none-eabi/lib/armv7-m\libc_s.a(lib_a-msizer.o)
                0x00007060                _malloc_usable_size_r
 *fill*         0x00007072        0x2 00
 .text          0x00007074      0x424 c:/program files (x86)/cypress/psoc creator/3.0/psoc creator/import/gnu_cs/arm/4.7.3/bin/../lib/gcc/arm-none-eabi/4.7.3/armv7-m\libgcc.a(_arm_muldivdf3.o)
                0x00007074                __aeabi_dmul
                0x00007074                __muldf3
                0x000072c8                __divdf3
                0x000072c8                __aeabi_ddiv
 .text          0x00007498       0x50 c:/program files (x86)/cypress/psoc creator/3.0/psoc creator/import/gnu_cs/arm/4.7.3/bin/../lib/gcc/arm-none-eabi/4.7.3/armv7-m\libgcc.a(_arm_fixdfsi.o)
                0x00007498                __aeabi_d2iz
                0x00007498                __fixdfsi
 .text._sbrk    0x000074e8       0x34 c:/program files (x86)/cypress/psoc creator/3.0/psoc creator/import/gnu_cs/arm/4.7.3/bin/../lib/gcc/arm-none-eabi/4.7.3/../../../../arm-none-eabi/lib/armv7-m\libnosys.a(sbrk.o)
                0x000074e8                _sbrk
 *(.plt)
 *(.gnu.warning)
 *(.glue_7t)
 .glue_7t       0x00000000        0x0 linker stubs
 *(.glue_7)
 .glue_7        0x00000000        0x0 linker stubs
 *(.vfp11_veneer)
 .vfp11_veneer  0x00000000        0x0 linker stubs
 *(.bootloader)
 *(.ARM.extab* .gnu.linkonce.armextab.*)
 *(.gcc_except_table)

.v4_bx          0x0000751c        0x0
 .v4_bx         0x00000000        0x0 linker stubs

.iplt           0x0000751c        0x0
 .iplt          0x00000000        0x0 c:/program files (x86)/cypress/psoc creator/3.0/psoc creator/import/gnu_cs/arm/4.7.3/bin/../lib/gcc/arm-none-eabi/4.7.3/armv7-m/crtbegin.o

.eh_frame_hdr
 *(.eh_frame_hdr)

.eh_frame       0x0000751c        0x4
 *(.eh_frame)
 .eh_frame      0x0000751c        0x0 c:/program files (x86)/cypress/psoc creator/3.0/psoc creator/import/gnu_cs/arm/4.7.3/bin/../lib/gcc/arm-none-eabi/4.7.3/armv7-m/crtbegin.o
 .eh_frame      0x0000751c        0x4 c:/program files (x86)/cypress/psoc creator/3.0/psoc creator/import/gnu_cs/arm/4.7.3/bin/../lib/gcc/arm-none-eabi/4.7.3/armv7-m/crtend.o
                0x00007520                PROVIDE (__exidx_start, .)

.ARM.exidx
 *(.ARM.exidx* .gnu.linkonce.armexidx.*)
                0x00007520                __exidx_end = .

.rodata         0x00007520      0x418
 *(.rodata .rodata.* .gnu.linkonce.r.*)
 .rodata        0x00007520       0xa0 .\ARM_GCC_473\Debug\main.o
 .rodata        0x000075c0       0x38 .\ARM_GCC_473\Debug\VoltageDisplay_DelSigADC.a(cyfitter_cfg.o)
                0x000075c0                ADC_AMux__addrTable
                0x000075c8                ADC_AMux__maskTable
 .rodata        0x000075f8        0x4 .\ARM_GCC_473\Debug\VoltageDisplay_DelSigADC.a(USBUART_1_cdc.o)
 .rodata        0x000075fc       0x14 .\ARM_GCC_473\Debug\VoltageDisplay_DelSigADC.a(USBUART_1_std.o)
 .rodata        0x00007610      0x194 .\ARM_GCC_473\Debug\VoltageDisplay_DelSigADC.a(USBUART_1_descr.o)
                0x00007610                USBUART_1_DEVICE0_DESCR
                0x00007624                USBUART_1_DEVICE0_CONFIGURATION0_DESCR
                0x00007668                USBUART_1_STRING_DESCRIPTORS
                0x00007708                USBUART_1_SN_STRING_DESCRIPTOR
                0x0000770c                USBUART_1_DEVICE0_CONFIGURATION0_EP_SETTINGS_TABLE
                0x00007724                USBUART_1_DEVICE0_CONFIGURATION0_INTERFACE_CLASS
                0x00007728                USBUART_1_DEVICE0_CONFIGURATION0_TABLE
                0x00007750                USBUART_1_DEVICE0_TABLE
                0x00007760                USBUART_1_TABLE
                0x00007768                USBUART_1_MSOS_DESCRIPTOR
                0x0000777c                USBUART_1_MSOS_CONFIGURATION_DESCR
 .rodata.str1.1
                0x000077a4        0x2 c:/program files (x86)/cypress/psoc creator/3.0/psoc creator/import/gnu_cs/arm/4.7.3/bin/../lib/gcc/arm-none-eabi/4.7.3/../../../../arm-none-eabi/lib/armv7-m\libc_s.a(lib_a-impure.o)
 .rodata.str1.1
                0x000077a6       0x11 c:/program files (x86)/cypress/psoc creator/3.0/psoc creator/import/gnu_cs/arm/4.7.3/bin/../lib/gcc/arm-none-eabi/4.7.3/../../../../arm-none-eabi/lib/armv7-m\libc_s.a(lib_a-svfprintf.o)
 .rodata.str1.1
                0x000077b7       0x10 c:/program files (x86)/cypress/psoc creator/3.0/psoc creator/import/gnu_cs/arm/4.7.3/bin/../lib/gcc/arm-none-eabi/4.7.3/../../../../arm-none-eabi/lib/armv7-m\libc_s.a(lib_a-vfprintf_float.o)
 .rodata.str1.1
                0x000077c7       0x22 c:/program files (x86)/cypress/psoc creator/3.0/psoc creator/import/gnu_cs/arm/4.7.3/bin/../lib/gcc/arm-none-eabi/4.7.3/../../../../arm-none-eabi/lib/armv7-m\libc_s.a(lib_a-vfprintf_i.o)
 .rodata.str1.1
                0x000077e9        0xf c:/program files (x86)/cypress/psoc creator/3.0/psoc creator/import/gnu_cs/arm/4.7.3/bin/../lib/gcc/arm-none-eabi/4.7.3/../../../../arm-none-eabi/lib/armv7-m\libc_s.a(lib_a-dtoa.o)
 .rodata.str1.1
                0x000077f8        0x8 c:/program files (x86)/cypress/psoc creator/3.0/psoc creator/import/gnu_cs/arm/4.7.3/bin/../lib/gcc/arm-none-eabi/4.7.3/../../../../arm-none-eabi/lib/armv7-m\libc_s.a(lib_a-locale.o)
                                  0xb (size before relaxing)
 .rodata.__mprec_tens
                0x00007800       0xc8 c:/program files (x86)/cypress/psoc creator/3.0/psoc creator/import/gnu_cs/arm/4.7.3/bin/../lib/gcc/arm-none-eabi/4.7.3/../../../../arm-none-eabi/lib/armv7-m\libc_s.a(lib_a-mprec.o)
                0x00007800                __mprec_tens
 .rodata.p05.5252
                0x000078c8        0xc c:/program files (x86)/cypress/psoc creator/3.0/psoc creator/import/gnu_cs/arm/4.7.3/bin/../lib/gcc/arm-none-eabi/4.7.3/../../../../arm-none-eabi/lib/armv7-m\libc_s.a(lib_a-mprec.o)
 *fill*         0x000078d4        0x4 00
 .rodata.__mprec_bigtens
                0x000078d8       0x28 c:/program files (x86)/cypress/psoc creator/3.0/psoc creator/import/gnu_cs/arm/4.7.3/bin/../lib/gcc/arm-none-eabi/4.7.3/../../../../arm-none-eabi/lib/armv7-m\libc_s.a(lib_a-mprec.o)
                0x000078d8                __mprec_bigtens
                0x00007900                . = ALIGN (0x4)
 *(.init)
 .init          0x00007900        0x4 c:/program files (x86)/cypress/psoc creator/3.0/psoc creator/import/gnu_cs/arm/4.7.3/bin/../lib/gcc/arm-none-eabi/4.7.3/armv7-m/crti.o
                0x00007900                _init
 .init          0x00007904        0x8 c:/program files (x86)/cypress/psoc creator/3.0/psoc creator/import/gnu_cs/arm/4.7.3/bin/../lib/gcc/arm-none-eabi/4.7.3/armv7-m/crtn.o
                0x0000790c                . = ALIGN (0x4)
                0x0000790c                __preinit_array_start = .
 *(.preinit_array)
                0x0000790c                __preinit_array_end = .
                0x0000790c                . = ALIGN (0x4)
                0x0000790c                __init_array_start = .
 *(SORT(.init_array.*))
 *(.init_array)
 .init_array    0x0000790c        0x4 c:/program files (x86)/cypress/psoc creator/3.0/psoc creator/import/gnu_cs/arm/4.7.3/bin/../lib/gcc/arm-none-eabi/4.7.3/armv7-m/crtbegin.o
 .init_array    0x00007910        0x4 .\ARM_GCC_473\Debug\Cm3Start.o
                0x00007914                __init_array_end = .
                0x00007914                . = ALIGN (0x4)
 *(.fini)
 .fini          0x00007914        0x4 c:/program files (x86)/cypress/psoc creator/3.0/psoc creator/import/gnu_cs/arm/4.7.3/bin/../lib/gcc/arm-none-eabi/4.7.3/armv7-m/crti.o
                0x00007914                _fini
 .fini          0x00007918        0x8 c:/program files (x86)/cypress/psoc creator/3.0/psoc creator/import/gnu_cs/arm/4.7.3/bin/../lib/gcc/arm-none-eabi/4.7.3/armv7-m/crtn.o
                0x00007920                . = ALIGN (0x4)
                0x00007920                __fini_array_start = .
 *(.fini_array)
 .fini_array    0x00007920        0x4 c:/program files (x86)/cypress/psoc creator/3.0/psoc creator/import/gnu_cs/arm/4.7.3/bin/../lib/gcc/arm-none-eabi/4.7.3/armv7-m/crtbegin.o
 *(SORT(.fini_array.*))
                0x00007924                __fini_array_end = .
                0x00007924                . = ALIGN (0x4)
 *crtbegin.o(.ctors)
 *(EXCLUDE_FILE(*crtend.o) .ctors)
 *(SORT(.ctors.*))
 *crtend.o(.ctors)
                0x00007924                . = ALIGN (0x4)
 *crtbegin.o(.dtors)
 *(EXCLUDE_FILE(*crtend.o) .dtors)
 *(SORT(.dtors.*))
 *crtend.o(.dtors)
                0x00007924                . = ALIGN (0x4)
                0x00007924                __cy_regions = .
                0x00007924        0x4 LONG 0x7938 __cy_region_init_ram
                0x00007928        0x4 LONG 0x1fff8108 __cy_region_start_data
                0x0000792c        0x4 LONG 0xe0 __cy_region_init_size_ram
                0x00007930        0x4 LONG 0x108 __cy_region_zero_size_ram
                0x00007934                __cy_regions_end = .
                0x00007938                . = ALIGN (0x8)
 *fill*         0x00007934        0x4 00
                0x00007938                _etext = .

.ramvectors     0x1fff8000      0x100
                0x1fff8000                __cy_region_start_ram = .
 *(.ramvectors)
 .ramvectors    0x1fff8000      0x100 .\ARM_GCC_473\Debug\Cm3Start.o
                0x1fff8000                CyRamVectors

.noinit         0x1fff8100        0x5
 *(.noinit)
 .noinit        0x1fff8100        0x4 .\ARM_GCC_473\Debug\Cm3Start.o
 .noinit        0x1fff8104        0x1 .\ARM_GCC_473\Debug\VoltageDisplay_DelSigADC.a(CyLib.o)
                0x1fff8104                CyResetStatus

.data           0x1fff8108       0xe0 load address 0x00007938
                0x1fff8108                __cy_region_start_data = .
 *(.jcr)
 .jcr           0x1fff8108        0x0 c:/program files (x86)/cypress/psoc creator/3.0/psoc creator/import/gnu_cs/arm/4.7.3/bin/../lib/gcc/arm-none-eabi/4.7.3/armv7-m/crtbegin.o
 .jcr           0x1fff8108        0x4 c:/program files (x86)/cypress/psoc creator/3.0/psoc creator/import/gnu_cs/arm/4.7.3/bin/../lib/gcc/arm-none-eabi/4.7.3/armv7-m/crtend.o
 *(.got.plt)
 *(.got)
 *(.shdata)
 *(.data .data.* .gnu.linkonce.d.*)
 .data          0x1fff810c       0x20 .\ARM_GCC_473\Debug\main.o
                0x1fff810c                parity
                0x1fff8120                stop
 .data          0x1fff812c        0x1 .\ARM_GCC_473\Debug\VoltageDisplay_DelSigADC.a(ADC.o)
                0x1fff812c                ADC_Config
 .data          0x1fff812d        0x1 .\ARM_GCC_473\Debug\VoltageDisplay_DelSigADC.a(ADC_AMux.o)
 *fill*         0x1fff812e        0x2 00
 .data          0x1fff8130       0x10 .\ARM_GCC_473\Debug\VoltageDisplay_DelSigADC.a(CyLib.o)
                0x1fff8130                cydelay_freq_hz
                0x1fff8134                cydelay_freq_khz
                0x1fff8138                cydelay_freq_mhz
                0x1fff813c                cydelay_32k_ms
 .data          0x1fff8140        0x8 .\ARM_GCC_473\Debug\VoltageDisplay_DelSigADC.a(USBUART_1_cdc.o)
                0x1fff8140                USBUART_1_lineCoding
 .data.impure_data
                0x1fff8148       0x64 c:/program files (x86)/cypress/psoc creator/3.0/psoc creator/import/gnu_cs/arm/4.7.3/bin/../lib/gcc/arm-none-eabi/4.7.3/../../../../arm-none-eabi/lib/armv7-m\libc_s.a(lib_a-impure.o)
 .data._impure_ptr
                0x1fff81ac        0x4 c:/program files (x86)/cypress/psoc creator/3.0/psoc creator/import/gnu_cs/arm/4.7.3/bin/../lib/gcc/arm-none-eabi/4.7.3/../../../../arm-none-eabi/lib/armv7-m\libc_s.a(lib_a-impure.o)
                0x1fff81ac                _impure_ptr
 .data.lconv    0x1fff81b0       0x38 c:/program files (x86)/cypress/psoc creator/3.0/psoc creator/import/gnu_cs/arm/4.7.3/bin/../lib/gcc/arm-none-eabi/4.7.3/../../../../arm-none-eabi/lib/armv7-m\libc_s.a(lib_a-locale.o)
                0x1fff81e8                . = ALIGN (0x8)
 *(.ram)
                0x1fff81e8                _edata = .

.igot.plt       0x1fff81e8        0x0 load address 0x00007a18
 .igot.plt      0x00000000        0x0 c:/program files (x86)/cypress/psoc creator/3.0/psoc creator/import/gnu_cs/arm/4.7.3/bin/../lib/gcc/arm-none-eabi/4.7.3/armv7-m/crtbegin.o

.bss            0x1fff81e8      0x108 load address 0x00007a18
                0x1fff81e8                PROVIDE (__bss_start__, .)
 *(.shbss)
 *(.bss .bss.* .gnu.linkonce.b.*)
 .bss           0x1fff81e8       0x1c c:/program files (x86)/cypress/psoc creator/3.0/psoc creator/import/gnu_cs/arm/4.7.3/bin/../lib/gcc/arm-none-eabi/4.7.3/armv7-m/crtbegin.o
 .bss           0x1fff8204        0x8 .\ARM_GCC_473\Debug\VoltageDisplay_DelSigADC.a(ADC.o)
                0x1fff8204                ADC_convDone
                0x1fff8205                ADC_stopConversion
                0x1fff8206                ADC_initVar
                0x1fff8207                ADC_started
 .bss           0x1fff820c        0x2 .\ARM_GCC_473\Debug\VoltageDisplay_DelSigADC.a(LCD.o)
                0x1fff820c                LCD_enableState
                0x1fff820d                LCD_initVar
 .bss           0x1fff820e        0x1 .\ARM_GCC_473\Debug\VoltageDisplay_DelSigADC.a(USBUART_1.o)
                0x1fff820e                USBUART_1_initVar
 *fill*         0x1fff820f        0x1 00
 .bss           0x1fff8210        0x4 .\ARM_GCC_473\Debug\VoltageDisplay_DelSigADC.a(USBUART_1_std.o)
 .bss.__malloc_free_list
                0x1fff8214        0x4 c:/program files (x86)/cypress/psoc creator/3.0/psoc creator/import/gnu_cs/arm/4.7.3/bin/../lib/gcc/arm-none-eabi/4.7.3/../../../../arm-none-eabi/lib/armv7-m\libc_s.a(lib_a-mallocr.o)
                0x1fff8214                __malloc_free_list
 .bss.heap_end.4231
                0x1fff8218        0x4 c:/program files (x86)/cypress/psoc creator/3.0/psoc creator/import/gnu_cs/arm/4.7.3/bin/../lib/gcc/arm-none-eabi/4.7.3/../../../../arm-none-eabi/lib/armv7-m\libnosys.a(sbrk.o)
 *(COMMON)
 COMMON         0x1fff821c        0x8 .\ARM_GCC_473\Debug\VoltageDisplay_DelSigADC.a(ADC.o)
                0x1fff821c                ADC_Offset
                0x1fff8220                ADC_CountsPerVolt
 COMMON         0x1fff8224        0x5 .\ARM_GCC_473\Debug\VoltageDisplay_DelSigADC.a(USBUART_1_cdc.o)
                0x1fff8224                USBUART_1_cdc_data_out_ep
                0x1fff8225                USBUART_1_cdc_data_in_ep
                0x1fff8226                USBUART_1_lineControlBitmap
                0x1fff8228                USBUART_1_lineChanged
 *fill*         0x1fff8229        0x3 00
 COMMON         0x1fff822c       0x97 .\ARM_GCC_473\Debug\VoltageDisplay_DelSigADC.a(USBUART_1_drv.o)
                0x1fff822c                USBUART_1_ep0Mode
                0x1fff822d                USBUART_1_lastPacketSize
                0x1fff822e                USBUART_1_configurationChanged
                0x1fff822f                USBUART_1_configuration
                0x1fff8230                USBUART_1_interfaceNumber
                0x1fff8231                USBUART_1_deviceStatus
                0x1fff8232                USBUART_1_ep0Toggle
                0x1fff8234                USBUART_1_interfaceClass
                0x1fff8238                USBUART_1_interfaceSetting
                0x1fff823c                USBUART_1_currentTD
                0x1fff8248                USBUART_1_ep0Count
                0x1fff824c                USBUART_1_EP
                0x1fff82b8                USBUART_1_interfaceSetting_last
                0x1fff82ba                USBUART_1_transferByteCount
                0x1fff82bc                USBUART_1_transferState
                0x1fff82bd                USBUART_1_device
                0x1fff82c0                USBUART_1_interfaceStatus
                0x1fff82c2                USBUART_1_deviceAddress
 *fill*         0x1fff82c3        0x1 00
 COMMON         0x1fff82c4       0x22 .\ARM_GCC_473\Debug\VoltageDisplay_DelSigADC.a(USBUART_1_descr.o)
                0x1fff82c4                USBUART_1_idSerialNumberStringDescriptor
 *fill*         0x1fff82e6        0x2 00
 COMMON         0x1fff82e8        0x4 c:/program files (x86)/cypress/psoc creator/3.0/psoc creator/import/gnu_cs/arm/4.7.3/bin/../lib/gcc/arm-none-eabi/4.7.3/../../../../arm-none-eabi/lib/armv7-m\libc_s.a(lib_a-reent.o)
                0x1fff82e8                errno
                0x1fff82f0                . = ALIGN (0x8)
 *fill*         0x1fff82ec        0x4 00
 *(.ram.b)
                0x1fff82f0                _end = .
                0x1fff82f0                __end = .
                0x1fff82f0                PROVIDE (end, .)
                0x1fff82f0                PROVIDE (__bss_end__, .)
                0x00007938                __cy_region_init_ram = LOADADDR (.data)
                0x000000e0                __cy_region_init_size_ram = (_edata - ADDR (.data))
                0x00000108                __cy_region_zero_size_ram = (_end - _edata)

.heap           0x1fff82f0     0x1000 load address 0x00007a18
                0x1fff82f0                . = _end
                0x1fff92f0                . = (. + 0x1000)
 *fill*         0x1fff82f0     0x1000 00
                0x1fff92f0                __cy_heap_limit = .

.stack          0x20004000     0x4000
                0x20004000                __cy_stack_limit = .
                0x20008000                . = (. + 0x4000)
 *fill*         0x20004000     0x4000 00
                0x00000001                ASSERT ((__cy_stack_limit >= __cy_heap_limit), region RAM overflowed with stack)

.cyloadermeta
 *(.cyloadermeta)

.cyloadablemeta
 *(.cyloadablemeta)

.cyconfigecc    0x80000000      0x130
 *(.cyconfigecc)
 .cyconfigecc   0x80000000      0x130 .\ARM_GCC_473\Debug\cymetadata.o
                0x80000000                cy_meta_configecc

.cycustnvl      0x90000000        0x4
 *(.cycustnvl)
 .cycustnvl     0x90000000        0x4 .\ARM_GCC_473\Debug\cymetadata.o
                0x90000000                cy_meta_custnvl

.cywolatch      0x90100000        0x4
 *(.cywolatch)
 .cywolatch     0x90100000        0x4 .\ARM_GCC_473\Debug\cymetadata.o
                0x90100000                cy_meta_wonvl

.cyeeprom       0x90200000        0x0
 *(.cyeeprom)
                0x00000001                ASSERT ((. <= ((0x90200000 + ee_offset) + ee_size)), .cyeeprom data will not fit in EEPROM)

.cyflashprotect
                0x90400000      0x100
 *(.cyflashprotect)
 .cyflashprotect
                0x90400000      0x100 .\ARM_GCC_473\Debug\cymetadata.o
                0x90400000                cy_meta_flashprotect

.cymeta         0x90500000        0xc
 *(.cymeta)
 .cymeta        0x90500000        0xc .\ARM_GCC_473\Debug\cymetadata.o
                0x90500000                cy_metadata

.rel.dyn        0x00007a18        0x0 load address 0x9050000c
 .rel.iplt      0x00000000        0x0 c:/program files (x86)/cypress/psoc creator/3.0/psoc creator/import/gnu_cs/arm/4.7.3/bin/../lib/gcc/arm-none-eabi/4.7.3/armv7-m/crtbegin.o

.stab
 *(.stab)

.stabstr
 *(.stabstr)

.debug
 *(.debug)

.line
 *(.line)

.debug_srcinfo
 *(.debug_srcinfo)

.debug_sfnames
 *(.debug_sfnames)

.debug_aranges  0x00000000      0xaa8
 *(.debug_aranges)
 .debug_aranges
                0x00000000       0x20 .\ARM_GCC_473\Debug\main.o
 .debug_aranges
                0x00000020       0x18 .\ARM_GCC_473\Debug\cymetadata.o
 .debug_aranges
                0x00000038       0x40 .\ARM_GCC_473\Debug\Cm3Start.o
 .debug_aranges
                0x00000078       0x70 .\ARM_GCC_473\Debug\VoltageDisplay_DelSigADC.a(cyfitter_cfg.o)
 .debug_aranges
                0x000000e8       0xe8 .\ARM_GCC_473\Debug\VoltageDisplay_DelSigADC.a(ADC.o)
 .debug_aranges
                0x000001d0       0x38 .\ARM_GCC_473\Debug\VoltageDisplay_DelSigADC.a(ADC_INT.o)
 .debug_aranges
                0x00000208       0x98 .\ARM_GCC_473\Debug\VoltageDisplay_DelSigADC.a(LCD.o)
 .debug_aranges
                0x000002a0       0x30 .\ARM_GCC_473\Debug\VoltageDisplay_DelSigADC.a(ADC_AMux.o)
 .debug_aranges
                0x000002d0       0x70 .\ARM_GCC_473\Debug\VoltageDisplay_DelSigADC.a(ADC_Ext_CP_Clk.o)
 .debug_aranges
                0x00000340       0x80 .\ARM_GCC_473\Debug\VoltageDisplay_DelSigADC.a(ADC_theACLK.o)
 .debug_aranges
                0x000003c0       0x20 .\ARM_GCC_473\Debug\VoltageDisplay_DelSigADC.a(CyBootAsmGnu.o)
 .debug_aranges
                0x000003e0      0x218 .\ARM_GCC_473\Debug\VoltageDisplay_DelSigADC.a(CyLib.o)
 .debug_aranges
                0x000005f8       0x90 .\ARM_GCC_473\Debug\VoltageDisplay_DelSigADC.a(cyPm.o)
 .debug_aranges
                0x00000688       0xb0 .\ARM_GCC_473\Debug\VoltageDisplay_DelSigADC.a(USBUART_1.o)
 .debug_aranges
                0x00000738       0xb0 .\ARM_GCC_473\Debug\VoltageDisplay_DelSigADC.a(USBUART_1_cdc.o)
 .debug_aranges
                0x000007e8       0x98 .\ARM_GCC_473\Debug\VoltageDisplay_DelSigADC.a(USBUART_1_drv.o)
 .debug_aranges
                0x00000880       0x40 .\ARM_GCC_473\Debug\VoltageDisplay_DelSigADC.a(USBUART_1_episr.o)
 .debug_aranges
                0x000008c0       0x78 .\ARM_GCC_473\Debug\VoltageDisplay_DelSigADC.a(USBUART_1_std.o)
 .debug_aranges
                0x00000938       0x20 .\ARM_GCC_473\Debug\VoltageDisplay_DelSigADC.a(USBUART_1_vnd.o)
 .debug_aranges
                0x00000958       0x38 .\ARM_GCC_473\Debug\VoltageDisplay_DelSigADC.a(SW.o)
 .debug_aranges
                0x00000990       0x78 .\ARM_GCC_473\Debug\VoltageDisplay_DelSigADC.a(CyFlash.o)
 .debug_aranges
                0x00000a08       0x68 .\ARM_GCC_473\Debug\VoltageDisplay_DelSigADC.a(CySpc.o)
 .debug_aranges
                0x00000a70       0x20 .\ARM_GCC_473\Debug\VoltageDisplay_DelSigADC.a(USBUART_1_cls.o)
 .debug_aranges
                0x00000a90       0x18 .\ARM_GCC_473\Debug\VoltageDisplay_DelSigADC.a(USBUART_1_descr.o)

.debug_pubnames
 *(.debug_pubnames)

.debug_info     0x00000000     0x5b68
 *(.debug_info .gnu.linkonce.wi.*)
 .debug_info    0x00000000      0x215 .\ARM_GCC_473\Debug\main.o
 .debug_info    0x00000215      0x13f .\ARM_GCC_473\Debug\cymetadata.o
 .debug_info    0x00000354      0x2ea .\ARM_GCC_473\Debug\Cm3Start.o
 .debug_info    0x0000063e      0x470 .\ARM_GCC_473\Debug\VoltageDisplay_DelSigADC.a(cyfitter_cfg.o)
 .debug_info    0x00000aae      0x7a9 .\ARM_GCC_473\Debug\VoltageDisplay_DelSigADC.a(ADC.o)
 .debug_info    0x00001257       0xe4 .\ARM_GCC_473\Debug\VoltageDisplay_DelSigADC.a(ADC_INT.o)
 .debug_info    0x0000133b      0x408 .\ARM_GCC_473\Debug\VoltageDisplay_DelSigADC.a(LCD.o)
 .debug_info    0x00001743      0x11c .\ARM_GCC_473\Debug\VoltageDisplay_DelSigADC.a(ADC_AMux.o)
 .debug_info    0x0000185f      0x294 .\ARM_GCC_473\Debug\VoltageDisplay_DelSigADC.a(ADC_Ext_CP_Clk.o)
 .debug_info    0x00001af3      0x2da .\ARM_GCC_473\Debug\VoltageDisplay_DelSigADC.a(ADC_theACLK.o)
 .debug_info    0x00001dcd       0x95 .\ARM_GCC_473\Debug\VoltageDisplay_DelSigADC.a(CyBootAsmGnu.o)
 .debug_info    0x00001e62      0xcd7 .\ARM_GCC_473\Debug\VoltageDisplay_DelSigADC.a(CyLib.o)
 .debug_info    0x00002b39      0x5c3 .\ARM_GCC_473\Debug\VoltageDisplay_DelSigADC.a(cyPm.o)
 .debug_info    0x000030fc      0x659 .\ARM_GCC_473\Debug\VoltageDisplay_DelSigADC.a(USBUART_1.o)
 .debug_info    0x00003755      0x5f7 .\ARM_GCC_473\Debug\VoltageDisplay_DelSigADC.a(USBUART_1_cdc.o)
 .debug_info    0x00003d4c      0x56e .\ARM_GCC_473\Debug\VoltageDisplay_DelSigADC.a(USBUART_1_drv.o)
 .debug_info    0x000042ba      0x1d6 .\ARM_GCC_473\Debug\VoltageDisplay_DelSigADC.a(USBUART_1_episr.o)
 .debug_info    0x00004490      0x84c .\ARM_GCC_473\Debug\VoltageDisplay_DelSigADC.a(USBUART_1_std.o)
 .debug_info    0x00004cdc      0x18d .\ARM_GCC_473\Debug\VoltageDisplay_DelSigADC.a(USBUART_1_vnd.o)
 .debug_info    0x00004e69      0x134 .\ARM_GCC_473\Debug\VoltageDisplay_DelSigADC.a(SW.o)
 .debug_info    0x00004f9d      0x354 .\ARM_GCC_473\Debug\VoltageDisplay_DelSigADC.a(CyFlash.o)
 .debug_info    0x000052f1      0x3d9 .\ARM_GCC_473\Debug\VoltageDisplay_DelSigADC.a(CySpc.o)
 .debug_info    0x000056ca      0x1b9 .\ARM_GCC_473\Debug\VoltageDisplay_DelSigADC.a(USBUART_1_cls.o)
 .debug_info    0x00005883      0x2e5 .\ARM_GCC_473\Debug\VoltageDisplay_DelSigADC.a(USBUART_1_descr.o)

.debug_abbrev   0x00000000     0x1a4e
 *(.debug_abbrev)
 .debug_abbrev  0x00000000       0xb7 .\ARM_GCC_473\Debug\main.o
 .debug_abbrev  0x000000b7       0x66 .\ARM_GCC_473\Debug\cymetadata.o
 .debug_abbrev  0x0000011d      0x175 .\ARM_GCC_473\Debug\Cm3Start.o
 .debug_abbrev  0x00000292      0x1b2 .\ARM_GCC_473\Debug\VoltageDisplay_DelSigADC.a(cyfitter_cfg.o)
 .debug_abbrev  0x00000444      0x192 .\ARM_GCC_473\Debug\VoltageDisplay_DelSigADC.a(ADC.o)
 .debug_abbrev  0x000005d6       0x44 .\ARM_GCC_473\Debug\VoltageDisplay_DelSigADC.a(ADC_INT.o)
 .debug_abbrev  0x0000061a      0x122 .\ARM_GCC_473\Debug\VoltageDisplay_DelSigADC.a(LCD.o)
 .debug_abbrev  0x0000073c       0x71 .\ARM_GCC_473\Debug\VoltageDisplay_DelSigADC.a(ADC_AMux.o)
 .debug_abbrev  0x000007ad      0x11f .\ARM_GCC_473\Debug\VoltageDisplay_DelSigADC.a(ADC_Ext_CP_Clk.o)
 .debug_abbrev  0x000008cc      0x11f .\ARM_GCC_473\Debug\VoltageDisplay_DelSigADC.a(ADC_theACLK.o)
 .debug_abbrev  0x000009eb       0x14 .\ARM_GCC_473\Debug\VoltageDisplay_DelSigADC.a(CyBootAsmGnu.o)
 .debug_abbrev  0x000009ff      0x207 .\ARM_GCC_473\Debug\VoltageDisplay_DelSigADC.a(CyLib.o)
 .debug_abbrev  0x00000c06      0x170 .\ARM_GCC_473\Debug\VoltageDisplay_DelSigADC.a(cyPm.o)
 .debug_abbrev  0x00000d76      0x1b4 .\ARM_GCC_473\Debug\VoltageDisplay_DelSigADC.a(USBUART_1.o)
 .debug_abbrev  0x00000f2a      0x1d0 .\ARM_GCC_473\Debug\VoltageDisplay_DelSigADC.a(USBUART_1_cdc.o)
 .debug_abbrev  0x000010fa      0x16e .\ARM_GCC_473\Debug\VoltageDisplay_DelSigADC.a(USBUART_1_drv.o)
 .debug_abbrev  0x00001268       0xc7 .\ARM_GCC_473\Debug\VoltageDisplay_DelSigADC.a(USBUART_1_episr.o)
 .debug_abbrev  0x0000132f      0x1a1 .\ARM_GCC_473\Debug\VoltageDisplay_DelSigADC.a(USBUART_1_std.o)
 .debug_abbrev  0x000014d0       0xba .\ARM_GCC_473\Debug\VoltageDisplay_DelSigADC.a(USBUART_1_vnd.o)
 .debug_abbrev  0x0000158a       0x92 .\ARM_GCC_473\Debug\VoltageDisplay_DelSigADC.a(SW.o)
 .debug_abbrev  0x0000161c      0x172 .\ARM_GCC_473\Debug\VoltageDisplay_DelSigADC.a(CyFlash.o)
 .debug_abbrev  0x0000178e      0x15f .\ARM_GCC_473\Debug\VoltageDisplay_DelSigADC.a(CySpc.o)
 .debug_abbrev  0x000018ed       0xba .\ARM_GCC_473\Debug\VoltageDisplay_DelSigADC.a(USBUART_1_cls.o)
 .debug_abbrev  0x000019a7       0xa7 .\ARM_GCC_473\Debug\VoltageDisplay_DelSigADC.a(USBUART_1_descr.o)

.debug_line     0x00000000     0x2cac
 *(.debug_line)
 .debug_line    0x00000000      0x1c0 .\ARM_GCC_473\Debug\main.o
 .debug_line    0x000001c0       0x53 .\ARM_GCC_473\Debug\cymetadata.o
 .debug_line    0x00000213      0x1b0 .\ARM_GCC_473\Debug\Cm3Start.o
 .debug_line    0x000003c3      0x226 .\ARM_GCC_473\Debug\VoltageDisplay_DelSigADC.a(cyfitter_cfg.o)
 .debug_line    0x000005e9      0x35c .\ARM_GCC_473\Debug\VoltageDisplay_DelSigADC.a(ADC.o)
 .debug_line    0x00000945       0x8e .\ARM_GCC_473\Debug\VoltageDisplay_DelSigADC.a(ADC_INT.o)
 .debug_line    0x000009d3      0x214 .\ARM_GCC_473\Debug\VoltageDisplay_DelSigADC.a(LCD.o)
 .debug_line    0x00000be7       0x9f .\ARM_GCC_473\Debug\VoltageDisplay_DelSigADC.a(ADC_AMux.o)
 .debug_line    0x00000c86      0x1a5 .\ARM_GCC_473\Debug\VoltageDisplay_DelSigADC.a(ADC_Ext_CP_Clk.o)
 .debug_line    0x00000e2b      0x1c6 .\ARM_GCC_473\Debug\VoltageDisplay_DelSigADC.a(ADC_theACLK.o)
 .debug_line    0x00000ff1       0x68 .\ARM_GCC_473\Debug\VoltageDisplay_DelSigADC.a(CyBootAsmGnu.o)
 .debug_line    0x00001059      0x73b .\ARM_GCC_473\Debug\VoltageDisplay_DelSigADC.a(CyLib.o)
 .debug_line    0x00001794      0x370 .\ARM_GCC_473\Debug\VoltageDisplay_DelSigADC.a(cyPm.o)
 .debug_line    0x00001b04      0x2aa .\ARM_GCC_473\Debug\VoltageDisplay_DelSigADC.a(USBUART_1.o)
 .debug_line    0x00001dae      0x23a .\ARM_GCC_473\Debug\VoltageDisplay_DelSigADC.a(USBUART_1_cdc.o)
 .debug_line    0x00001fe8      0x226 .\ARM_GCC_473\Debug\VoltageDisplay_DelSigADC.a(USBUART_1_drv.o)
 .debug_line    0x0000220e       0xeb .\ARM_GCC_473\Debug\VoltageDisplay_DelSigADC.a(USBUART_1_episr.o)
 .debug_line    0x000022f9      0x439 .\ARM_GCC_473\Debug\VoltageDisplay_DelSigADC.a(USBUART_1_std.o)
 .debug_line    0x00002732       0x91 .\ARM_GCC_473\Debug\VoltageDisplay_DelSigADC.a(USBUART_1_vnd.o)
 .debug_line    0x000027c3       0x94 .\ARM_GCC_473\Debug\VoltageDisplay_DelSigADC.a(SW.o)
 .debug_line    0x00002857      0x1a9 .\ARM_GCC_473\Debug\VoltageDisplay_DelSigADC.a(CyFlash.o)
 .debug_line    0x00002a00      0x1a7 .\ARM_GCC_473\Debug\VoltageDisplay_DelSigADC.a(CySpc.o)
 .debug_line    0x00002ba7       0x9e .\ARM_GCC_473\Debug\VoltageDisplay_DelSigADC.a(USBUART_1_cls.o)
 .debug_line    0x00002c45       0x67 .\ARM_GCC_473\Debug\VoltageDisplay_DelSigADC.a(USBUART_1_descr.o)

.debug_frame    0x00000000     0x28b0
 *(.debug_frame)
 .debug_frame   0x00000000       0x34 .\ARM_GCC_473\Debug\main.o
 .debug_frame   0x00000034       0xa4 .\ARM_GCC_473\Debug\Cm3Start.o
 .debug_frame   0x000000d8      0x158 .\ARM_GCC_473\Debug\VoltageDisplay_DelSigADC.a(cyfitter_cfg.o)
 .debug_frame   0x00000230      0x31c .\ARM_GCC_473\Debug\VoltageDisplay_DelSigADC.a(ADC.o)
 .debug_frame   0x0000054c       0x80 .\ARM_GCC_473\Debug\VoltageDisplay_DelSigADC.a(ADC_INT.o)
 .debug_frame   0x000005cc      0x200 .\ARM_GCC_473\Debug\VoltageDisplay_DelSigADC.a(LCD.o)
 .debug_frame   0x000007cc       0x70 .\ARM_GCC_473\Debug\VoltageDisplay_DelSigADC.a(ADC_AMux.o)
 .debug_frame   0x0000083c      0x14c .\ARM_GCC_473\Debug\VoltageDisplay_DelSigADC.a(ADC_Ext_CP_Clk.o)
 .debug_frame   0x00000988      0x184 .\ARM_GCC_473\Debug\VoltageDisplay_DelSigADC.a(ADC_theACLK.o)
 .debug_frame   0x00000b0c      0x778 .\ARM_GCC_473\Debug\VoltageDisplay_DelSigADC.a(CyLib.o)
 .debug_frame   0x00001284      0x1d0 .\ARM_GCC_473\Debug\VoltageDisplay_DelSigADC.a(cyPm.o)
 .debug_frame   0x00001454      0x238 .\ARM_GCC_473\Debug\VoltageDisplay_DelSigADC.a(USBUART_1.o)
 .debug_frame   0x0000168c      0x248 .\ARM_GCC_473\Debug\VoltageDisplay_DelSigADC.a(USBUART_1_cdc.o)
 .debug_frame   0x000018d4      0x1e0 .\ARM_GCC_473\Debug\VoltageDisplay_DelSigADC.a(USBUART_1_drv.o)
 .debug_frame   0x00001ab4       0x9c .\ARM_GCC_473\Debug\VoltageDisplay_DelSigADC.a(USBUART_1_episr.o)
 .debug_frame   0x00001b50      0x180 .\ARM_GCC_473\Debug\VoltageDisplay_DelSigADC.a(USBUART_1_std.o)
 .debug_frame   0x00001cd0       0x30 .\ARM_GCC_473\Debug\VoltageDisplay_DelSigADC.a(USBUART_1_vnd.o)
 .debug_frame   0x00001d00       0x80 .\ARM_GCC_473\Debug\VoltageDisplay_DelSigADC.a(SW.o)
 .debug_frame   0x00001d80      0x178 .\ARM_GCC_473\Debug\VoltageDisplay_DelSigADC.a(CyFlash.o)
 .debug_frame   0x00001ef8      0x13c .\ARM_GCC_473\Debug\VoltageDisplay_DelSigADC.a(CySpc.o)
 .debug_frame   0x00002034       0x30 .\ARM_GCC_473\Debug\VoltageDisplay_DelSigADC.a(USBUART_1_cls.o)
 .debug_frame   0x00002064       0x28 c:/program files (x86)/cypress/psoc creator/3.0/psoc creator/import/gnu_cs/arm/4.7.3/bin/../lib/gcc/arm-none-eabi/4.7.3/../../../../arm-none-eabi/lib/armv7-m\libc_s.a(lib_a-__atexit2.o)
 .debug_frame   0x0000208c       0x28 c:/program files (x86)/cypress/psoc creator/3.0/psoc creator/import/gnu_cs/arm/4.7.3/bin/../lib/gcc/arm-none-eabi/4.7.3/../../../../arm-none-eabi/lib/armv7-m\libc_s.a(lib_a-exit.o)
 .debug_frame   0x000020b4       0x2c c:/program files (x86)/cypress/psoc creator/3.0/psoc creator/import/gnu_cs/arm/4.7.3/bin/../lib/gcc/arm-none-eabi/4.7.3/../../../../arm-none-eabi/lib/armv7-m\libc_s.a(lib_a-fini.o)
 .debug_frame   0x000020e0       0x2c c:/program files (x86)/cypress/psoc creator/3.0/psoc creator/import/gnu_cs/arm/4.7.3/bin/../lib/gcc/arm-none-eabi/4.7.3/../../../../arm-none-eabi/lib/armv7-m\libc_s.a(lib_a-init.o)
 .debug_frame   0x0000210c       0x28 c:/program files (x86)/cypress/psoc creator/3.0/psoc creator/import/gnu_cs/arm/4.7.3/bin/../lib/gcc/arm-none-eabi/4.7.3/../../../../arm-none-eabi/lib/armv7-m\libc_s.a(lib_a-memcpy.o)
 .debug_frame   0x00002134       0x20 c:/program files (x86)/cypress/psoc creator/3.0/psoc creator/import/gnu_cs/arm/4.7.3/bin/../lib/gcc/arm-none-eabi/4.7.3/../../../../arm-none-eabi/lib/armv7-m\libc_s.a(lib_a-memset.o)
 .debug_frame   0x00002154       0x58 c:/program files (x86)/cypress/psoc creator/3.0/psoc creator/import/gnu_cs/arm/4.7.3/bin/../lib/gcc/arm-none-eabi/4.7.3/../../../../arm-none-eabi/lib/armv7-m\libc_s.a(lib_a-sprintf.o)
 .debug_frame   0x000021ac       0x88 c:/program files (x86)/cypress/psoc creator/3.0/psoc creator/import/gnu_cs/arm/4.7.3/bin/../lib/gcc/arm-none-eabi/4.7.3/../../../../arm-none-eabi/lib/armv7-m\libc_s.a(lib_a-svfprintf.o)
 .debug_frame   0x00002234       0x80 c:/program files (x86)/cypress/psoc creator/3.0/psoc creator/import/gnu_cs/arm/4.7.3/bin/../lib/gcc/arm-none-eabi/4.7.3/../../../../arm-none-eabi/lib/armv7-m\libc_s.a(lib_a-vfprintf_float.o)
 .debug_frame   0x000022b4       0x58 c:/program files (x86)/cypress/psoc creator/3.0/psoc creator/import/gnu_cs/arm/4.7.3/bin/../lib/gcc/arm-none-eabi/4.7.3/../../../../arm-none-eabi/lib/armv7-m\libc_s.a(lib_a-vfprintf_i.o)
 .debug_frame   0x0000230c       0x68 c:/program files (x86)/cypress/psoc creator/3.0/psoc creator/import/gnu_cs/arm/4.7.3/bin/../lib/gcc/arm-none-eabi/4.7.3/../../../../arm-none-eabi/lib/armv7-m\libc_s.a(lib_a-dtoa.o)
 .debug_frame   0x00002374       0x2c c:/program files (x86)/cypress/psoc creator/3.0/psoc creator/import/gnu_cs/arm/4.7.3/bin/../lib/gcc/arm-none-eabi/4.7.3/../../../../arm-none-eabi/lib/armv7-m\libc_s.a(lib_a-freer.o)
 .debug_frame   0x000023a0       0x98 c:/program files (x86)/cypress/psoc creator/3.0/psoc creator/import/gnu_cs/arm/4.7.3/bin/../lib/gcc/arm-none-eabi/4.7.3/../../../../arm-none-eabi/lib/armv7-m\libc_s.a(lib_a-locale.o)
 .debug_frame   0x00002438       0x30 c:/program files (x86)/cypress/psoc creator/3.0/psoc creator/import/gnu_cs/arm/4.7.3/bin/../lib/gcc/arm-none-eabi/4.7.3/../../../../arm-none-eabi/lib/armv7-m\libc_s.a(lib_a-malloc.o)
 .debug_frame   0x00002468       0x2c c:/program files (x86)/cypress/psoc creator/3.0/psoc creator/import/gnu_cs/arm/4.7.3/bin/../lib/gcc/arm-none-eabi/4.7.3/../../../../arm-none-eabi/lib/armv7-m\libc_s.a(lib_a-mallocr.o)
 .debug_frame   0x00002494       0x28 c:/program files (x86)/cypress/psoc creator/3.0/psoc creator/import/gnu_cs/arm/4.7.3/bin/../lib/gcc/arm-none-eabi/4.7.3/../../../../arm-none-eabi/lib/armv7-m\libc_s.a(lib_a-memchr.o)
 .debug_frame   0x000024bc       0x2c c:/program files (x86)/cypress/psoc creator/3.0/psoc creator/import/gnu_cs/arm/4.7.3/bin/../lib/gcc/arm-none-eabi/4.7.3/../../../../arm-none-eabi/lib/armv7-m\libc_s.a(lib_a-memmove.o)
 .debug_frame   0x000024e8      0x23c c:/program files (x86)/cypress/psoc creator/3.0/psoc creator/import/gnu_cs/arm/4.7.3/bin/../lib/gcc/arm-none-eabi/4.7.3/../../../../arm-none-eabi/lib/armv7-m\libc_s.a(lib_a-mprec.o)
 .debug_frame   0x00002724       0x30 c:/program files (x86)/cypress/psoc creator/3.0/psoc creator/import/gnu_cs/arm/4.7.3/bin/../lib/gcc/arm-none-eabi/4.7.3/../../../../arm-none-eabi/lib/armv7-m\libc_s.a(lib_a-reallocr.o)
 .debug_frame   0x00002754       0x20 c:/program files (x86)/cypress/psoc creator/3.0/psoc creator/import/gnu_cs/arm/4.7.3/bin/../lib/gcc/arm-none-eabi/4.7.3/../../../../arm-none-eabi/lib/armv7-m\libc_s.a(lib_a-s_fpclassify.o)
 .debug_frame   0x00002774       0x2c c:/program files (x86)/cypress/psoc creator/3.0/psoc creator/import/gnu_cs/arm/4.7.3/bin/../lib/gcc/arm-none-eabi/4.7.3/../../../../arm-none-eabi/lib/armv7-m\libc_s.a(lib_a-sbrkr.o)
 .debug_frame   0x000027a0       0x20 c:/program files (x86)/cypress/psoc creator/3.0/psoc creator/import/gnu_cs/arm/4.7.3/bin/../lib/gcc/arm-none-eabi/4.7.3/../../../../arm-none-eabi/lib/armv7-m\libc_s.a(lib_a-strcmp.o)
 .debug_frame   0x000027c0       0x20 c:/program files (x86)/cypress/psoc creator/3.0/psoc creator/import/gnu_cs/arm/4.7.3/bin/../lib/gcc/arm-none-eabi/4.7.3/../../../../arm-none-eabi/lib/armv7-m\libc_s.a(lib_a-strlen.o)
 .debug_frame   0x000027e0       0x2c c:/program files (x86)/cypress/psoc creator/3.0/psoc creator/import/gnu_cs/arm/4.7.3/bin/../lib/gcc/arm-none-eabi/4.7.3/../../../../arm-none-eabi/lib/armv7-m\libc_s.a(lib_a-callocr.o)
 .debug_frame   0x0000280c       0x20 c:/program files (x86)/cypress/psoc creator/3.0/psoc creator/import/gnu_cs/arm/4.7.3/bin/../lib/gcc/arm-none-eabi/4.7.3/../../../../arm-none-eabi/lib/armv7-m\libc_s.a(lib_a-msizer.o)
 .debug_frame   0x0000282c       0x64 c:/program files (x86)/cypress/psoc creator/3.0/psoc creator/import/gnu_cs/arm/4.7.3/bin/../lib/gcc/arm-none-eabi/4.7.3/../../../../arm-none-eabi/lib/armv7-m\libc_s.a(lib_a-reent.o)
 .debug_frame   0x00002890       0x20 c:/program files (x86)/cypress/psoc creator/3.0/psoc creator/import/gnu_cs/arm/4.7.3/bin/../lib/gcc/arm-none-eabi/4.7.3/../../../../arm-none-eabi/lib/armv7-m\libnosys.a(sbrk.o)

.debug_str      0x00000000     0x2767
 *(.debug_str)
 .debug_str     0x00000000      0x184 .\ARM_GCC_473\Debug\main.o
                                0x1c9 (size before relaxing)
 .debug_str     0x00000184       0x77 .\ARM_GCC_473\Debug\cymetadata.o
                                0x1aa (size before relaxing)
 .debug_str     0x000001fb      0x119 .\ARM_GCC_473\Debug\Cm3Start.o
                                0x266 (size before relaxing)
 .debug_str     0x00000314      0x1a3 .\ARM_GCC_473\Debug\VoltageDisplay_DelSigADC.a(cyfitter_cfg.o)
                                0x303 (size before relaxing)
 .debug_str     0x000004b7      0x2eb .\ARM_GCC_473\Debug\VoltageDisplay_DelSigADC.a(ADC.o)
                                0x493 (size before relaxing)
 .debug_str     0x000007a2       0x47 .\ARM_GCC_473\Debug\VoltageDisplay_DelSigADC.a(ADC_INT.o)
                                0x174 (size before relaxing)
 .debug_str     0x000007e9      0x173 .\ARM_GCC_473\Debug\VoltageDisplay_DelSigADC.a(LCD.o)
                                0x2c5 (size before relaxing)
 .debug_str     0x0000095c       0x71 .\ARM_GCC_473\Debug\VoltageDisplay_DelSigADC.a(ADC_AMux.o)
                                0x1a3 (size before relaxing)
 .debug_str     0x000009cd      0x1b0 .\ARM_GCC_473\Debug\VoltageDisplay_DelSigADC.a(ADC_Ext_CP_Clk.o)
                                0x302 (size before relaxing)
 .debug_str     0x00000b7d      0x18c .\ARM_GCC_473\Debug\VoltageDisplay_DelSigADC.a(ADC_theACLK.o)
                                0x321 (size before relaxing)
 .debug_str     0x00000d09      0x62d .\ARM_GCC_473\Debug\VoltageDisplay_DelSigADC.a(CyLib.o)
                                0x7cc (size before relaxing)
 .debug_str     0x00001336      0x371 .\ARM_GCC_473\Debug\VoltageDisplay_DelSigADC.a(cyPm.o)
                                0x4db (size before relaxing)
 .debug_str     0x000016a7      0x364 .\ARM_GCC_473\Debug\VoltageDisplay_DelSigADC.a(USBUART_1.o)
                                0x4e4 (size before relaxing)
 .debug_str     0x00001a0b      0x2dc .\ARM_GCC_473\Debug\VoltageDisplay_DelSigADC.a(USBUART_1_cdc.o)
                                0x4de (size before relaxing)
 .debug_str     0x00001ce7      0x2c0 .\ARM_GCC_473\Debug\VoltageDisplay_DelSigADC.a(USBUART_1_drv.o)
                                0x5dd (size before relaxing)
 .debug_str     0x00001fa7       0x8e .\ARM_GCC_473\Debug\VoltageDisplay_DelSigADC.a(USBUART_1_episr.o)
                                0x244 (size before relaxing)
 .debug_str     0x00002035      0x2eb .\ARM_GCC_473\Debug\VoltageDisplay_DelSigADC.a(USBUART_1_std.o)
                                0x666 (size before relaxing)
 .debug_str     0x00002320       0x67 .\ARM_GCC_473\Debug\VoltageDisplay_DelSigADC.a(USBUART_1_vnd.o)
                                0x21d (size before relaxing)
 .debug_str     0x00002387       0x59 .\ARM_GCC_473\Debug\VoltageDisplay_DelSigADC.a(SW.o)
                                0x193 (size before relaxing)
 .debug_str     0x000023e0      0x130 .\ARM_GCC_473\Debug\VoltageDisplay_DelSigADC.a(CyFlash.o)
                                0x2a1 (size before relaxing)
 .debug_str     0x00002510       0xfe .\ARM_GCC_473\Debug\VoltageDisplay_DelSigADC.a(CySpc.o)
                                0x27d (size before relaxing)
 .debug_str     0x0000260e       0x45 .\ARM_GCC_473\Debug\VoltageDisplay_DelSigADC.a(USBUART_1_cls.o)
                                0x233 (size before relaxing)
 .debug_str     0x00002653      0x114 .\ARM_GCC_473\Debug\VoltageDisplay_DelSigADC.a(USBUART_1_descr.o)
                                0x364 (size before relaxing)

.debug_loc      0x00000000     0x3676
 *(.debug_loc)
 .debug_loc     0x00000000       0x3a .\ARM_GCC_473\Debug\main.o
 .debug_loc     0x0000003a      0x100 .\ARM_GCC_473\Debug\Cm3Start.o
 .debug_loc     0x0000013a      0x268 .\ARM_GCC_473\Debug\VoltageDisplay_DelSigADC.a(cyfitter_cfg.o)
 .debug_loc     0x000003a2      0x58c .\ARM_GCC_473\Debug\VoltageDisplay_DelSigADC.a(ADC.o)
 .debug_loc     0x0000092e       0xb0 .\ARM_GCC_473\Debug\VoltageDisplay_DelSigADC.a(ADC_INT.o)
 .debug_loc     0x000009de      0x350 .\ARM_GCC_473\Debug\VoltageDisplay_DelSigADC.a(LCD.o)
 .debug_loc     0x00000d2e       0xa8 .\ARM_GCC_473\Debug\VoltageDisplay_DelSigADC.a(ADC_AMux.o)
 .debug_loc     0x00000dd6      0x22c .\ARM_GCC_473\Debug\VoltageDisplay_DelSigADC.a(ADC_Ext_CP_Clk.o)
 .debug_loc     0x00001002      0x290 .\ARM_GCC_473\Debug\VoltageDisplay_DelSigADC.a(ADC_theACLK.o)
 .debug_loc     0x00001292      0xce0 .\ARM_GCC_473\Debug\VoltageDisplay_DelSigADC.a(CyLib.o)
 .debug_loc     0x00001f72      0x2e8 .\ARM_GCC_473\Debug\VoltageDisplay_DelSigADC.a(cyPm.o)
 .debug_loc     0x0000225a      0x404 .\ARM_GCC_473\Debug\VoltageDisplay_DelSigADC.a(USBUART_1.o)
 .debug_loc     0x0000265e      0x3d4 .\ARM_GCC_473\Debug\VoltageDisplay_DelSigADC.a(USBUART_1_cdc.o)
 .debug_loc     0x00002a32      0x314 .\ARM_GCC_473\Debug\VoltageDisplay_DelSigADC.a(USBUART_1_drv.o)
 .debug_loc     0x00002d46       0xdc .\ARM_GCC_473\Debug\VoltageDisplay_DelSigADC.a(USBUART_1_episr.o)
 .debug_loc     0x00002e22      0x294 .\ARM_GCC_473\Debug\VoltageDisplay_DelSigADC.a(USBUART_1_std.o)
 .debug_loc     0x000030b6       0x38 .\ARM_GCC_473\Debug\VoltageDisplay_DelSigADC.a(USBUART_1_vnd.o)
 .debug_loc     0x000030ee       0xc8 .\ARM_GCC_473\Debug\VoltageDisplay_DelSigADC.a(SW.o)
 .debug_loc     0x000031b6      0x258 .\ARM_GCC_473\Debug\VoltageDisplay_DelSigADC.a(CyFlash.o)
 .debug_loc     0x0000340e      0x230 .\ARM_GCC_473\Debug\VoltageDisplay_DelSigADC.a(CySpc.o)
 .debug_loc     0x0000363e       0x38 .\ARM_GCC_473\Debug\VoltageDisplay_DelSigADC.a(USBUART_1_cls.o)

.debug_macinfo
 *(.debug_macinfo)

.debug_ranges   0x00000000      0x908
 *(.debug_ranges)
 .debug_ranges  0x00000000       0x10 .\ARM_GCC_473\Debug\main.o
 .debug_ranges  0x00000010       0x30 .\ARM_GCC_473\Debug\Cm3Start.o
 .debug_ranges  0x00000040       0x60 .\ARM_GCC_473\Debug\VoltageDisplay_DelSigADC.a(cyfitter_cfg.o)
 .debug_ranges  0x000000a0       0xd8 .\ARM_GCC_473\Debug\VoltageDisplay_DelSigADC.a(ADC.o)
 .debug_ranges  0x00000178       0x28 .\ARM_GCC_473\Debug\VoltageDisplay_DelSigADC.a(ADC_INT.o)
 .debug_ranges  0x000001a0       0x88 .\ARM_GCC_473\Debug\VoltageDisplay_DelSigADC.a(LCD.o)
 .debug_ranges  0x00000228       0x20 .\ARM_GCC_473\Debug\VoltageDisplay_DelSigADC.a(ADC_AMux.o)
 .debug_ranges  0x00000248       0x60 .\ARM_GCC_473\Debug\VoltageDisplay_DelSigADC.a(ADC_Ext_CP_Clk.o)
 .debug_ranges  0x000002a8       0x70 .\ARM_GCC_473\Debug\VoltageDisplay_DelSigADC.a(ADC_theACLK.o)
 .debug_ranges  0x00000318      0x208 .\ARM_GCC_473\Debug\VoltageDisplay_DelSigADC.a(CyLib.o)
 .debug_ranges  0x00000520       0x80 .\ARM_GCC_473\Debug\VoltageDisplay_DelSigADC.a(cyPm.o)
 .debug_ranges  0x000005a0       0xa0 .\ARM_GCC_473\Debug\VoltageDisplay_DelSigADC.a(USBUART_1.o)
 .debug_ranges  0x00000640       0xa0 .\ARM_GCC_473\Debug\VoltageDisplay_DelSigADC.a(USBUART_1_cdc.o)
 .debug_ranges  0x000006e0       0x88 .\ARM_GCC_473\Debug\VoltageDisplay_DelSigADC.a(USBUART_1_drv.o)
 .debug_ranges  0x00000768       0x30 .\ARM_GCC_473\Debug\VoltageDisplay_DelSigADC.a(USBUART_1_episr.o)
 .debug_ranges  0x00000798       0x68 .\ARM_GCC_473\Debug\VoltageDisplay_DelSigADC.a(USBUART_1_std.o)
 .debug_ranges  0x00000800       0x10 .\ARM_GCC_473\Debug\VoltageDisplay_DelSigADC.a(USBUART_1_vnd.o)
 .debug_ranges  0x00000810       0x28 .\ARM_GCC_473\Debug\VoltageDisplay_DelSigADC.a(SW.o)
 .debug_ranges  0x00000838       0x68 .\ARM_GCC_473\Debug\VoltageDisplay_DelSigADC.a(CyFlash.o)
 .debug_ranges  0x000008a0       0x58 .\ARM_GCC_473\Debug\VoltageDisplay_DelSigADC.a(CySpc.o)
 .debug_ranges  0x000008f8       0x10 .\ARM_GCC_473\Debug\VoltageDisplay_DelSigADC.a(USBUART_1_cls.o)

.comment        0x00000000       0x70
 .comment       0x00000000       0x70 .\ARM_GCC_473\Debug\main.o
                                 0x71 (size before relaxing)
 .comment       0x00000000       0x71 .\ARM_GCC_473\Debug\cymetadata.o
 .comment       0x00000000       0x71 .\ARM_GCC_473\Debug\Cm3Start.o
 .comment       0x00000000       0x71 .\ARM_GCC_473\Debug\VoltageDisplay_DelSigADC.a(cyfitter_cfg.o)
 .comment       0x00000000       0x71 .\ARM_GCC_473\Debug\VoltageDisplay_DelSigADC.a(ADC.o)
 .comment       0x00000000       0x71 .\ARM_GCC_473\Debug\VoltageDisplay_DelSigADC.a(ADC_INT.o)
 .comment       0x00000000       0x71 .\ARM_GCC_473\Debug\VoltageDisplay_DelSigADC.a(LCD.o)
 .comment       0x00000000       0x71 .\ARM_GCC_473\Debug\VoltageDisplay_DelSigADC.a(ADC_AMux.o)
 .comment       0x00000000       0x71 .\ARM_GCC_473\Debug\VoltageDisplay_DelSigADC.a(ADC_Ext_CP_Clk.o)
 .comment       0x00000000       0x71 .\ARM_GCC_473\Debug\VoltageDisplay_DelSigADC.a(ADC_theACLK.o)
 .comment       0x00000000       0x71 .\ARM_GCC_473\Debug\VoltageDisplay_DelSigADC.a(CyLib.o)
 .comment       0x00000000       0x71 .\ARM_GCC_473\Debug\VoltageDisplay_DelSigADC.a(cyPm.o)
 .comment       0x00000000       0x71 .\ARM_GCC_473\Debug\VoltageDisplay_DelSigADC.a(USBUART_1.o)
 .comment       0x00000000       0x71 .\ARM_GCC_473\Debug\VoltageDisplay_DelSigADC.a(USBUART_1_cdc.o)
 .comment       0x00000000       0x71 .\ARM_GCC_473\Debug\VoltageDisplay_DelSigADC.a(USBUART_1_drv.o)
 .comment       0x00000000       0x71 .\ARM_GCC_473\Debug\VoltageDisplay_DelSigADC.a(USBUART_1_episr.o)
 .comment       0x00000000       0x71 .\ARM_GCC_473\Debug\VoltageDisplay_DelSigADC.a(USBUART_1_std.o)
 .comment       0x00000000       0x71 .\ARM_GCC_473\Debug\VoltageDisplay_DelSigADC.a(USBUART_1_vnd.o)
 .comment       0x00000000       0x71 .\ARM_GCC_473\Debug\VoltageDisplay_DelSigADC.a(SW.o)
 .comment       0x00000000       0x71 .\ARM_GCC_473\Debug\VoltageDisplay_DelSigADC.a(CyFlash.o)
 .comment       0x00000000       0x71 .\ARM_GCC_473\Debug\VoltageDisplay_DelSigADC.a(CySpc.o)
 .comment       0x00000000       0x71 .\ARM_GCC_473\Debug\VoltageDisplay_DelSigADC.a(USBUART_1_cls.o)
 .comment       0x00000000       0x71 .\ARM_GCC_473\Debug\VoltageDisplay_DelSigADC.a(USBUART_1_descr.o)

.debug_weaknames
 *(.debug_weaknames)

.debug_funcnames
 *(.debug_funcnames)

.debug_typenames
 *(.debug_typenames)

.debug_varnames
 *(.debug_varnames)

.note.gnu.arm.ident
 *(.note.gnu.arm.ident)

.ARM.attributes
                0x00000000       0x29
 *(.ARM.attributes)
 .ARM.attributes
                0x00000000       0x1d c:/program files (x86)/cypress/psoc creator/3.0/psoc creator/import/gnu_cs/arm/4.7.3/bin/../lib/gcc/arm-none-eabi/4.7.3/armv7-m/crti.o
 .ARM.attributes
                0x0000001d       0x2d c:/program files (x86)/cypress/psoc creator/3.0/psoc creator/import/gnu_cs/arm/4.7.3/bin/../lib/gcc/arm-none-eabi/4.7.3/armv7-m/crtbegin.o
 .ARM.attributes
                0x0000004a       0x1b c:/program files (x86)/cypress/psoc creator/3.0/psoc creator/import/gnu_cs/arm/4.7.3/bin/../lib/gcc/arm-none-eabi/4.7.3/../../../../arm-none-eabi/lib/armv7-m/crt0.o
 .ARM.attributes
                0x00000065       0x33 .\ARM_GCC_473\Debug\main.o
 .ARM.attributes
                0x00000098       0x33 .\ARM_GCC_473\Debug\cymetadata.o
 .ARM.attributes
                0x000000cb       0x33 .\ARM_GCC_473\Debug\Cm3Start.o
 .ARM.attributes
                0x000000fe       0x33 .\ARM_GCC_473\Debug\VoltageDisplay_DelSigADC.a(cyfitter_cfg.o)
 .ARM.attributes
                0x00000131       0x33 .\ARM_GCC_473\Debug\VoltageDisplay_DelSigADC.a(ADC.o)
 .ARM.attributes
                0x00000164       0x33 .\ARM_GCC_473\Debug\VoltageDisplay_DelSigADC.a(ADC_INT.o)
 .ARM.attributes
                0x00000197       0x33 .\ARM_GCC_473\Debug\VoltageDisplay_DelSigADC.a(LCD.o)
 .ARM.attributes
                0x000001ca       0x33 .\ARM_GCC_473\Debug\VoltageDisplay_DelSigADC.a(ADC_AMux.o)
 .ARM.attributes
                0x000001fd       0x33 .\ARM_GCC_473\Debug\VoltageDisplay_DelSigADC.a(ADC_Ext_CP_Clk.o)
 .ARM.attributes
                0x00000230       0x33 .\ARM_GCC_473\Debug\VoltageDisplay_DelSigADC.a(ADC_theACLK.o)
 .ARM.attributes
                0x00000263       0x21 .\ARM_GCC_473\Debug\VoltageDisplay_DelSigADC.a(CyBootAsmGnu.o)
 .ARM.attributes
                0x00000284       0x33 .\ARM_GCC_473\Debug\VoltageDisplay_DelSigADC.a(CyLib.o)
 .ARM.attributes
                0x000002b7       0x33 .\ARM_GCC_473\Debug\VoltageDisplay_DelSigADC.a(cyPm.o)
 .ARM.attributes
                0x000002ea       0x33 .\ARM_GCC_473\Debug\VoltageDisplay_DelSigADC.a(USBUART_1.o)
 .ARM.attributes
                0x0000031d       0x33 .\ARM_GCC_473\Debug\VoltageDisplay_DelSigADC.a(USBUART_1_cdc.o)
 .ARM.attributes
                0x00000350       0x33 .\ARM_GCC_473\Debug\VoltageDisplay_DelSigADC.a(USBUART_1_drv.o)
 .ARM.attributes
                0x00000383       0x33 .\ARM_GCC_473\Debug\VoltageDisplay_DelSigADC.a(USBUART_1_episr.o)
 .ARM.attributes
                0x000003b6       0x33 .\ARM_GCC_473\Debug\VoltageDisplay_DelSigADC.a(USBUART_1_std.o)
 .ARM.attributes
                0x000003e9       0x33 .\ARM_GCC_473\Debug\VoltageDisplay_DelSigADC.a(USBUART_1_vnd.o)
 .ARM.attributes
                0x0000041c       0x33 .\ARM_GCC_473\Debug\VoltageDisplay_DelSigADC.a(SW.o)
 .ARM.attributes
                0x0000044f       0x33 .\ARM_GCC_473\Debug\VoltageDisplay_DelSigADC.a(CyFlash.o)
 .ARM.attributes
                0x00000482       0x33 .\ARM_GCC_473\Debug\VoltageDisplay_DelSigADC.a(CySpc.o)
 .ARM.attributes
                0x000004b5       0x33 .\ARM_GCC_473\Debug\VoltageDisplay_DelSigADC.a(USBUART_1_cls.o)
 .ARM.attributes
                0x000004e8       0x33 .\ARM_GCC_473\Debug\VoltageDisplay_DelSigADC.a(USBUART_1_descr.o)
 .ARM.attributes
                0x0000051b       0x1d c:/program files (x86)/cypress/psoc creator/3.0/psoc creator/import/gnu_cs/arm/4.7.3/bin/../lib/gcc/arm-none-eabi/4.7.3/armv7-m\libgcc.a(_arm_addsubdf3.o)
 .ARM.attributes
                0x00000538       0x1d c:/program files (x86)/cypress/psoc creator/3.0/psoc creator/import/gnu_cs/arm/4.7.3/bin/../lib/gcc/arm-none-eabi/4.7.3/armv7-m\libgcc.a(_arm_cmpdf2.o)
 .ARM.attributes
                0x00000555       0x1d c:/program files (x86)/cypress/psoc creator/3.0/psoc creator/import/gnu_cs/arm/4.7.3/bin/../lib/gcc/arm-none-eabi/4.7.3/armv7-m\libgcc.a(_arm_addsubsf3.o)
 .ARM.attributes
                0x00000572       0x1d c:/program files (x86)/cypress/psoc creator/3.0/psoc creator/import/gnu_cs/arm/4.7.3/bin/../lib/gcc/arm-none-eabi/4.7.3/armv7-m\libgcc.a(_arm_muldivsf3.o)
 .ARM.attributes
                0x0000058f       0x1d c:/program files (x86)/cypress/psoc creator/3.0/psoc creator/import/gnu_cs/arm/4.7.3/bin/../lib/gcc/arm-none-eabi/4.7.3/armv7-m\libgcc.a(_arm_fixunssfsi.o)
 .ARM.attributes
                0x000005ac       0x2d c:/program files (x86)/cypress/psoc creator/3.0/psoc creator/import/gnu_cs/arm/4.7.3/bin/../lib/gcc/arm-none-eabi/4.7.3/../../../../arm-none-eabi/lib/armv7-m\libc_s.a(lib_a-__atexit2.o)
 .ARM.attributes
                0x000005d9       0x2d c:/program files (x86)/cypress/psoc creator/3.0/psoc creator/import/gnu_cs/arm/4.7.3/bin/../lib/gcc/arm-none-eabi/4.7.3/../../../../arm-none-eabi/lib/armv7-m\libc_s.a(lib_a-exit.o)
 .ARM.attributes
                0x00000606       0x2d c:/program files (x86)/cypress/psoc creator/3.0/psoc creator/import/gnu_cs/arm/4.7.3/bin/../lib/gcc/arm-none-eabi/4.7.3/../../../../arm-none-eabi/lib/armv7-m\libc_s.a(lib_a-fini.o)
 .ARM.attributes
                0x00000633       0x2d c:/program files (x86)/cypress/psoc creator/3.0/psoc creator/import/gnu_cs/arm/4.7.3/bin/../lib/gcc/arm-none-eabi/4.7.3/../../../../arm-none-eabi/lib/armv7-m\libc_s.a(lib_a-impure.o)
 .ARM.attributes
                0x00000660       0x2d c:/program files (x86)/cypress/psoc creator/3.0/psoc creator/import/gnu_cs/arm/4.7.3/bin/../lib/gcc/arm-none-eabi/4.7.3/../../../../arm-none-eabi/lib/armv7-m\libc_s.a(lib_a-init.o)
 .ARM.attributes
                0x0000068d       0x2d c:/program files (x86)/cypress/psoc creator/3.0/psoc creator/import/gnu_cs/arm/4.7.3/bin/../lib/gcc/arm-none-eabi/4.7.3/../../../../arm-none-eabi/lib/armv7-m\libc_s.a(lib_a-memcpy.o)
 .ARM.attributes
                0x000006ba       0x2d c:/program files (x86)/cypress/psoc creator/3.0/psoc creator/import/gnu_cs/arm/4.7.3/bin/../lib/gcc/arm-none-eabi/4.7.3/../../../../arm-none-eabi/lib/armv7-m\libc_s.a(lib_a-memset.o)
 .ARM.attributes
                0x000006e7       0x2d c:/program files (x86)/cypress/psoc creator/3.0/psoc creator/import/gnu_cs/arm/4.7.3/bin/../lib/gcc/arm-none-eabi/4.7.3/../../../../arm-none-eabi/lib/armv7-m\libc_s.a(lib_a-sprintf.o)
 .ARM.attributes
                0x00000714       0x2d c:/program files (x86)/cypress/psoc creator/3.0/psoc creator/import/gnu_cs/arm/4.7.3/bin/../lib/gcc/arm-none-eabi/4.7.3/../../../../arm-none-eabi/lib/armv7-m\libc_s.a(lib_a-svfprintf.o)
 .ARM.attributes
                0x00000741       0x2d c:/program files (x86)/cypress/psoc creator/3.0/psoc creator/import/gnu_cs/arm/4.7.3/bin/../lib/gcc/arm-none-eabi/4.7.3/../../../../arm-none-eabi/lib/armv7-m\libc_s.a(lib_a-vfprintf_float.o)
 .ARM.attributes
                0x0000076e       0x2d c:/program files (x86)/cypress/psoc creator/3.0/psoc creator/import/gnu_cs/arm/4.7.3/bin/../lib/gcc/arm-none-eabi/4.7.3/../../../../arm-none-eabi/lib/armv7-m\libc_s.a(lib_a-vfprintf_i.o)
 .ARM.attributes
                0x0000079b       0x2d c:/program files (x86)/cypress/psoc creator/3.0/psoc creator/import/gnu_cs/arm/4.7.3/bin/../lib/gcc/arm-none-eabi/4.7.3/../../../../arm-none-eabi/lib/armv7-m\libc_s.a(lib_a-dtoa.o)
 .ARM.attributes
                0x000007c8       0x2d c:/program files (x86)/cypress/psoc creator/3.0/psoc creator/import/gnu_cs/arm/4.7.3/bin/../lib/gcc/arm-none-eabi/4.7.3/../../../../arm-none-eabi/lib/armv7-m\libc_s.a(lib_a-freer.o)
 .ARM.attributes
                0x000007f5       0x2d c:/program files (x86)/cypress/psoc creator/3.0/psoc creator/import/gnu_cs/arm/4.7.3/bin/../lib/gcc/arm-none-eabi/4.7.3/../../../../arm-none-eabi/lib/armv7-m\libc_s.a(lib_a-locale.o)
 .ARM.attributes
                0x00000822       0x2d c:/program files (x86)/cypress/psoc creator/3.0/psoc creator/import/gnu_cs/arm/4.7.3/bin/../lib/gcc/arm-none-eabi/4.7.3/../../../../arm-none-eabi/lib/armv7-m\libc_s.a(lib_a-malloc.o)
 .ARM.attributes
                0x0000084f       0x2d c:/program files (x86)/cypress/psoc creator/3.0/psoc creator/import/gnu_cs/arm/4.7.3/bin/../lib/gcc/arm-none-eabi/4.7.3/../../../../arm-none-eabi/lib/armv7-m\libc_s.a(lib_a-mallocr.o)
 .ARM.attributes
                0x0000087c       0x2d c:/program files (x86)/cypress/psoc creator/3.0/psoc creator/import/gnu_cs/arm/4.7.3/bin/../lib/gcc/arm-none-eabi/4.7.3/../../../../arm-none-eabi/lib/armv7-m\libc_s.a(lib_a-memchr.o)
 .ARM.attributes
                0x000008a9       0x2d c:/program files (x86)/cypress/psoc creator/3.0/psoc creator/import/gnu_cs/arm/4.7.3/bin/../lib/gcc/arm-none-eabi/4.7.3/../../../../arm-none-eabi/lib/armv7-m\libc_s.a(lib_a-memmove.o)
 .ARM.attributes
                0x000008d6       0x2d c:/program files (x86)/cypress/psoc creator/3.0/psoc creator/import/gnu_cs/arm/4.7.3/bin/../lib/gcc/arm-none-eabi/4.7.3/../../../../arm-none-eabi/lib/armv7-m\libc_s.a(lib_a-mprec.o)
 .ARM.attributes
                0x00000903       0x2d c:/program files (x86)/cypress/psoc creator/3.0/psoc creator/import/gnu_cs/arm/4.7.3/bin/../lib/gcc/arm-none-eabi/4.7.3/../../../../arm-none-eabi/lib/armv7-m\libc_s.a(lib_a-reallocr.o)
 .ARM.attributes
                0x00000930       0x2d c:/program files (x86)/cypress/psoc creator/3.0/psoc creator/import/gnu_cs/arm/4.7.3/bin/../lib/gcc/arm-none-eabi/4.7.3/../../../../arm-none-eabi/lib/armv7-m\libc_s.a(lib_a-s_fpclassify.o)
 .ARM.attributes
                0x0000095d       0x2d c:/program files (x86)/cypress/psoc creator/3.0/psoc creator/import/gnu_cs/arm/4.7.3/bin/../lib/gcc/arm-none-eabi/4.7.3/../../../../arm-none-eabi/lib/armv7-m\libc_s.a(lib_a-sbrkr.o)
 .ARM.attributes
                0x0000098a       0x2d c:/program files (x86)/cypress/psoc creator/3.0/psoc creator/import/gnu_cs/arm/4.7.3/bin/../lib/gcc/arm-none-eabi/4.7.3/../../../../arm-none-eabi/lib/armv7-m\libc_s.a(lib_a-strcmp.o)
 .ARM.attributes